Component: ARM Compiler 5.06 update 7 (build 960) Tool: armlink [4d3601]

==============================================================================

Section Cross References

    startup_stm32f103xe.o(RESET) refers to startup_stm32f103xe.o(STACK) for __initial_sp
    startup_stm32f103xe.o(RESET) refers to startup_stm32f103xe.o(.text) for Reset_Handler
    startup_stm32f103xe.o(RESET) refers to stm32f1xx_it.o(i.NMI_Handler) for NMI_Handler
    startup_stm32f103xe.o(RESET) refers to stm32f1xx_it.o(i.HardFault_Handler) for HardFault_Handler
    startup_stm32f103xe.o(RESET) refers to stm32f1xx_it.o(i.MemManage_Handler) for MemManage_Handler
    startup_stm32f103xe.o(RESET) refers to stm32f1xx_it.o(i.BusFault_Handler) for BusFault_Handler
    startup_stm32f103xe.o(RESET) refers to stm32f1xx_it.o(i.UsageFault_Handler) for UsageFault_Handler
    startup_stm32f103xe.o(RESET) refers to port.o(.emb_text) for SVC_Handler
    startup_stm32f103xe.o(RESET) refers to stm32f1xx_it.o(i.DebugMon_Handler) for DebugMon_Handler
    startup_stm32f103xe.o(RESET) refers to port.o(i.SysTick_Handler) for SysTick_Handler
    startup_stm32f103xe.o(RESET) refers to driver_usart.o(i.USART1_IRQHandler) for USART1_IRQHandler
    startup_stm32f103xe.o(RESET) refers to driver_usart.o(i.USART3_IRQHandler) for USART3_IRQHandler
    startup_stm32f103xe.o(RESET) refers to driver_key.o(i.EXTI15_10_IRQHandler) for EXTI15_10_IRQHandler
    startup_stm32f103xe.o(RESET) refers to stm32f1xx_it.o(i.TIM8_UP_IRQHandler) for TIM8_UP_IRQHandler
    startup_stm32f103xe.o(.text) refers to system_stm32f1xx.o(i.SystemInit) for SystemInit
    startup_stm32f103xe.o(.text) refers to entry.o(.ARM.Collect$$$$00000000) for __main
    main.o(i.HAL_TIM_PeriodElapsedCallback) refers to stm32f1xx_hal.o(i.HAL_IncTick) for HAL_IncTick
    main.o(i.HAL_TIM_PeriodElapsedCallback) refers to gpio_input.o(i.ProcessGPIOKeyTimer) for ProcessGPIOKeyTimer
    main.o(i.SystemClock_Config) refers to memseta.o(.text) for __aeabi_memclr4
    main.o(i.SystemClock_Config) refers to stm32f1xx_hal_rcc.o(i.HAL_RCC_OscConfig) for HAL_RCC_OscConfig
    main.o(i.SystemClock_Config) refers to main.o(i.Error_Handler) for Error_Handler
    main.o(i.SystemClock_Config) refers to stm32f1xx_hal_rcc.o(i.HAL_RCC_ClockConfig) for HAL_RCC_ClockConfig
    main.o(i.main) refers to stm32f1xx_hal.o(i.HAL_Init) for HAL_Init
    main.o(i.main) refers to main.o(i.SystemClock_Config) for SystemClock_Config
    main.o(i.main) refers to gpio.o(i.MX_GPIO_Init) for MX_GPIO_Init
    main.o(i.main) refers to usart.o(i.MX_USART1_UART_Init) for MX_USART1_UART_Init
    main.o(i.main) refers to usart.o(i.MX_USART3_UART_Init) for MX_USART3_UART_Init
    main.o(i.main) refers to ring_buffer.o(i.ring_buffer_init) for ring_buffer_init
    main.o(i.main) refers to driver_usart.o(i.EnableUART3IRQ) for EnableUART3IRQ
    main.o(i.main) refers to printfa.o(i.__0printf) for __2printf
    main.o(i.main) refers to cmsis_os2.o(i.osKernelInitialize) for osKernelInitialize
    main.o(i.main) refers to freertos.o(i.MX_FREERTOS_Init) for MX_FREERTOS_Init
    main.o(i.main) refers to tasks.o(i.xTaskCreate) for xTaskCreate
    main.o(i.main) refers to cmsis_os2.o(i.osKernelStart) for osKernelStart
    main.o(i.main) refers to main.o(.bss) for test_buffer
    main.o(i.main) refers to mqtt_test1.o(i.mqtt_test1) for mqtt_test1
    gpio.o(i.MX_GPIO_Init) refers to stm32f1xx_hal_gpio.o(i.HAL_GPIO_WritePin) for HAL_GPIO_WritePin
    gpio.o(i.MX_GPIO_Init) refers to stm32f1xx_hal_gpio.o(i.HAL_GPIO_Init) for HAL_GPIO_Init
    freertos.o(i.MX_FREERTOS_Init) refers to cmsis_os2.o(i.osThreadNew) for osThreadNew
    freertos.o(i.MX_FREERTOS_Init) refers to freertos.o(.constdata) for defaultTask_attributes
    freertos.o(i.MX_FREERTOS_Init) refers to freertos.o(i.StartDefaultTask) for StartDefaultTask
    freertos.o(i.MX_FREERTOS_Init) refers to freertos.o(.data) for defaultTaskHandle
    freertos.o(i.StartDefaultTask) refers to printfa.o(i.__0printf) for __2printf
    freertos.o(i.StartDefaultTask) refers to cmsis_os2.o(i.osDelay) for osDelay
    freertos.o(.constdata) refers to freertos.o(.conststring) for .conststring
    usart.o(i.HAL_UART_MspDeInit) refers to stm32f1xx_hal_gpio.o(i.HAL_GPIO_DeInit) for HAL_GPIO_DeInit
    usart.o(i.HAL_UART_MspDeInit) refers to stm32f1xx_hal_cortex.o(i.HAL_NVIC_DisableIRQ) for HAL_NVIC_DisableIRQ
    usart.o(i.HAL_UART_MspInit) refers to stm32f1xx_hal_gpio.o(i.HAL_GPIO_Init) for HAL_GPIO_Init
    usart.o(i.HAL_UART_MspInit) refers to stm32f1xx_hal_cortex.o(i.HAL_NVIC_SetPriority) for HAL_NVIC_SetPriority
    usart.o(i.HAL_UART_MspInit) refers to stm32f1xx_hal_cortex.o(i.HAL_NVIC_EnableIRQ) for HAL_NVIC_EnableIRQ
    usart.o(i.MX_USART1_UART_Init) refers to stm32f1xx_hal_uart.o(i.HAL_UART_Init) for HAL_UART_Init
    usart.o(i.MX_USART1_UART_Init) refers to main.o(i.Error_Handler) for Error_Handler
    usart.o(i.MX_USART1_UART_Init) refers to usart.o(.bss) for huart1
[...]
    .data                                    0x20000000   Section        4  freertos.o(.data)
    .data                                    0x20000004   Section        9  stm32f1xx_hal.o(.data)
    .data                                    0x20000010   Section        4  system_stm32f1xx.o(.data)
    .data                                    0x20000014   Section       12  driver_usart.o(.data)
    txcplt_flag                              0x20000014   Data           1  driver_usart.o(.data)
    rxcplt_flag                              0x20000015   Data           1  driver_usart.o(.data)
    rx_data                                  0x20000016   Data           1  driver_usart.o(.data)
    g_fNetInputProcessCallback               0x20000018   Data           4  driver_usart.o(.data)
    uart3_ringbuffer                         0x2000001c   Data           4  driver_usart.o(.data)
    .data                                    0x20000020   Section       60  tasks.o(.data)
    pxDelayedTaskList                        0x20000024   Data           4  tasks.o(.data)
    pxOverflowDelayedTaskList                0x20000028   Data           4  tasks.o(.data)
    uxDeletedTasksWaitingCleanUp             0x2000002c   Data           4  tasks.o(.data)
    uxCurrentNumberOfTasks                   0x20000030   Data           4  tasks.o(.data)
    xTickCount                               0x20000034   Data           4  tasks.o(.data)
    uxTopReadyPriority                       0x20000038   Data           4  tasks.o(.data)
    xSchedulerRunning                        0x2000003c   Data           4  tasks.o(.data)
    uxPendedTicks                            0x20000040   Data           4  tasks.o(.data)
    xYieldPending                            0x20000044   Data           4  tasks.o(.data)
    xNumOfOverflows                          0x20000048   Data           4  tasks.o(.data)
    uxTaskNumber                             0x2000004c   Data           4  tasks.o(.data)
    xNextTaskUnblockTime                     0x20000050   Data           4  tasks.o(.data)
    xIdleTaskHandle                          0x20000054   Data           4  tasks.o(.data)
    uxSchedulerSuspended                     0x20000058   Data           4  tasks.o(.data)
    .data                                    0x2000005c   Section       20  timers.o(.data)
    pxCurrentTimerList                       0x2000005c   Data           4  timers.o(.data)
    pxOverflowTimerList                      0x20000060   Data           4  timers.o(.data)
    xTimerQueue                              0x20000064   Data           4  timers.o(.data)
    xTimerTaskHandle                         0x20000068   Data           4  timers.o(.data)
    xLastTime                                0x2000006c   Data           4  timers.o(.data)
    .data                                    0x20000070   Section        4  cmsis_os2.o(.data)
    KernelState                              0x20000070   Data           4  cmsis_os2.o(.data)
    .data                                    0x20000074   Section       24  heap_4.o(.data)
    xStart                                   0x20000074   Data           8  heap_4.o(.data)
    pxEnd                                    0x2000007c   Data           4  heap_4.o(.data)
    xFreeBytesRemaining                      0x20000080   Data           4  heap_4.o(.data)
    xMinimumEverFreeBytesRemaining           0x20000084   Data           4  heap_4.o(.data)
    xBlockAllocatedBit                       0x20000088   Data           4  heap_4.o(.data)
    .data                                    0x2000008c   Section       12  port.o(.data)
    uxCriticalNesting                        0x2000008c   Data           4  port.o(.data)
    ucMaxSysCallPriority                     0x20000090   Data           1  port.o(.data)
    ulMaxPRIGROUPValue                       0x20000094   Data           4  port.o(.data)
    .data                                    0x20000098   Section        4  input_buffer.o(.data)
    g_xQueueInput                            0x20000098   Data           4  input_buffer.o(.data)
    .data                                    0x2000009c   Section       32  gpio_input.o(.data)
    timers                                   0x2000009c   Data           8  gpio_input.o(.data)
    g_tKeyDevice                             0x200000a4   Data          24  gpio_input.o(.data)
    .data                                    0x200000bc   Section       16  dht11_device.o(.data)
    .data                                    0x200000cc   Section       68  esp8266.o(.data)
    .data                                    0x20000110   Section        4  net_system.o(.data)
    .data                                    0x20000114   Section        4  at_command.o(.data)
    g_pt_ATInterfaceDev                      0x20000114   Data           4  at_command.o(.data)
    .data                                    0x20000118   Section       20  uart_device.o(.data)
    .data                                    0x2000012c   Section        4  stdout.o(.data)
    .data                                    0x20000130   Section        4  mvars.o(.data)
    .data                                    0x20000134   Section        4  mvars.o(.data)
    .data                                    0x20000138   Section        4  errno.o(.data)
    _errno                                   0x20000138   Data           4  errno.o(.data)
    .bss                                     0x2000013c   Section     1032  main.o(.bss)
    .bss                                     0x20000544   Section      144  usart.o(.bss)
    .bss                                     0x200005d4   Section       72  stm32f1xx_hal_timebase_tim.o(.bss)
    .bss                                     0x2000061c   Section       72  driver_dht11.o(.bss)
    htim                                     0x2000061c   Data          72  driver_dht11.o(.bss)
    .bss                                     0x20000664   Section       64  queue.o(.bss)
    .bss                                     0x200006a4   Section     1220  tasks.o(.bss)
    pxReadyTasksLists                        0x200006a4   Data        1120  tasks.o(.bss)
    xDelayedTaskList1                        0x20000b04   Data          20  tasks.o(.bss)
    xDelayedTaskList2                        0x20000b18   Data          20  tasks.o(.bss)
    xPendingReadyList                        0x20000b2c   Data          20  tasks.o(.bss)
    xTasksWaitingTermination                 0x20000b40   Data          20  tasks.o(.bss)
    xSuspendedTaskList                       0x20000b54   Data          20  tasks.o(.bss)
    .bss                                     0x20000b68   Section      280  timers.o(.bss)
    xActiveTimerList1                        0x20000b68   Data          20  timers.o(.bss)
    xActiveTimerList2                        0x20000b7c   Data          20  timers.o(.bss)
    xStaticTimerQueue                        0x20000b90   Data          80  timers.o(.bss)
    ucStaticTimerQueueStorage                0x20000be0   Data         160  timers.o(.bss)
    .bss                                     0x20000c80   Section     1720  cmsis_os2.o(.bss)
    Idle_TCB                                 0x20000c80   Data          92  cmsis_os2.o(.bss)
    Idle_Stack                               0x20000cdc   Data         512  cmsis_os2.o(.bss)
    Timer_TCB                                0x20000edc   Data          92  cmsis_os2.o(.bss)
    Timer_Stack                              0x20000f38   Data        1024  cmsis_os2.o(.bss)
    .bss                                     0x20001338   Section     5500  heap_4.o(.bss)
    ucHeap                                   0x20001338   Data        5500  heap_4.o(.bss)
    .bss                                     0x200028b4   Section     1032  uart_device.o(.bss)
    HEAP                                     0x20002cc0   Section      512  startup_stm32f103xe.o(HEAP)
    STACK                                    0x20002ec0   Section     2048  startup_stm32f103xe.o(STACK)

    Global Symbols

    Symbol Name                              Value     Ov Type        Size  Object(Section)

    BuildAttributes$$THM_ISAv4$P$D$K$B$S$PE$A:L22UL41UL21$X:L11$S22US41US21$IEEE1$IW$USESV6$~STKCKD$USESV7$~SHL$OTIME$ROPI$IEEEX$EBA8$MICROLIB$REQ8$PRES8$EABIv2 0x00000000   Number         0  anon$$obj.o ABSOLUTE
    __ARM_use_no_argv                        0x00000000   Number         0  main.o ABSOLUTE
    _printf_a                                0x00000000   Number         0  stubs.o ABSOLUTE
    _printf_c                                0x00000000   Number         0  stubs.o ABSOLUTE
    _printf_charcount                        0x00000000   Number         0  stubs.o ABSOLUTE
    _printf_d                                0x00000000   Number         0  stubs.o ABSOLUTE
    _printf_e                                0x00000000   Number         0  stubs.o ABSOLUTE
    _printf_f                                0x00000000   Number         0  stubs.o ABSOLUTE
    _printf_flags                            0x00000000   Number         0  stubs.o ABSOLUTE
    _printf_fp_dec                           0x00000000   Number         0  stubs.o ABSOLUTE
    _printf_fp_hex                           0x00000000   Number         0  stubs.o ABSOLUTE
    _printf_g                                0x00000000   Number         0  stubs.o ABSOLUTE
    _printf_i                                0x00000000   Number         0  stubs.o ABSOLUTE
    _printf_int_dec                          0x00000000   Number         0  stubs.o ABSOLUTE
    _printf_l                                0x00000000   Number         0  stubs.o ABSOLUTE
    _printf_lc                               0x00000000   Number         0  stubs.o ABSOLUTE
    _printf_ll                               0x00000000   Number         0  stubs.o ABSOLUTE
    _printf_lld                              0x00000000   Number         0  stubs.o ABSOLUTE
    _printf_lli                              0x00000000   Number         0  stubs.o ABSOLUTE
    _printf_llo                              0x00000000   Number         0  stubs.o ABSOLUTE
    _printf_llu                              0x00000000   Number         0  stubs.o ABSOLUTE
    _printf_llx                              0x00000000   Number         0  stubs.o ABSOLUTE
    _printf_longlong_dec                     0x00000000   Number         0  stubs.o ABSOLUTE
    _printf_longlong_hex                     0x00000000   Number         0  stubs.o ABSOLUTE
    _printf_longlong_oct                     0x00000000   Number         0  stubs.o ABSOLUTE
    _printf_ls                               0x00000000   Number         0  stubs.o ABSOLUTE
    _printf_mbtowc                           0x00000000   Number         0  stubs.o ABSOLUTE
    _printf_n                                0x00000000   Number         0  stubs.o ABSOLUTE
    _printf_o                                0x00000000   Number         0  stubs.o ABSOLUTE
    _printf_p                                0x00000000   Number         0  stubs.o ABSOLUTE
    _printf_percent                          0x00000000   Number         0  stubs.o ABSOLUTE
    _printf_pre_padding                      0x00000000   Number         0  stubs.o ABSOLUTE
    _printf_return_value                     0x00000000   Number         0  stubs.o ABSOLUTE
    _printf_s                                0x00000000   Number         0  stubs.o ABSOLUTE
    _printf_sizespec                         0x00000000   Number         0  stubs.o ABSOLUTE
    _printf_str                              0x00000000   Number         0  stubs.o ABSOLUTE
    _printf_truncate_signed                  0x00000000   Number         0  stubs.o ABSOLUTE
    _printf_truncate_unsigned                0x00000000   Number         0  stubs.o ABSOLUTE
    _printf_u                                0x00000000   Number         0  stubs.o ABSOLUTE
    _printf_wc                               0x00000000   Number         0  stubs.o ABSOLUTE
    _printf_wctomb                           0x00000000   Number         0  stubs.o ABSOLUTE
    _printf_widthprec                        0x00000000   Number         0  stubs.o ABSOLUTE
    _printf_x                                0x00000000   Number         0  stubs.o ABSOLUTE
    __arm_fini_                               - Undefined Weak Reference
    __cpp_initialize__aeabi_                  - Undefined Weak Reference
    __cxa_finalize                            - Undefined Weak Reference
    _clock_init                               - Undefined Weak Reference
    _microlib_exit                            - Undefined Weak Reference
    __Vectors_Size                           0x00000130   Number         0  startup_stm32f103xe.o ABSOLUTE
    __Vectors                                0x08000000   Data           4  startup_stm32f103xe.o(RESET)
    __Vectors_End                            0x08000130   Data           0  startup_stm32f103xe.o(RESET)
    __main                                   0x08000131   Thumb Code     0  entry.o(.ARM.Collect$$$$00000000)
    _main_stk                                0x08000131   Thumb Code     0  entry2.o(.ARM.Collect$$$$00000001)
    _main_scatterload                        0x08000135   Thumb Code     0  entry5.o(.ARM.Collect$$$$00000004)
    __main_after_scatterload                 0x08000139   Thumb Code     0  entry5.o(.ARM.Collect$$$$00000004)
    _main_clock                              0x08000139   Thumb Code     0  entry7b.o(.ARM.Collect$$$$00000008)
    _main_cpp_init                           0x08000139   Thumb Code     0  entry8b.o(.ARM.Collect$$$$0000000A)
    _main_init                               0x08000139   Thumb Code     0  entry9a.o(.ARM.Collect$$$$0000000B)
    __rt_lib_shutdown_fini                   0x08000141   Thumb Code     0  entry12b.o(.ARM.Collect$$$$0000000E)
    __rt_final_cpp                           0x08000145   Thumb Code     0  entry10a.o(.ARM.Collect$$$$0000000F)
    __rt_final_exit                          0x08000145   Thumb Code     0  entry11a.o(.ARM.Collect$$$$00000011)
    SVC_Handler                              0x08000149   Thumb Code    32  port.o(.emb_text)
    __asm___6_port_c_39a90d8d__prvStartFirstTask 0x0800016d   Thumb Code    28  port.o(.emb_text)
    PendSV_Handler                           0x0800018d   Thumb Code    72  port.o(.emb_text)
    vPortGetIPSR                             0x080001d9   Thumb Code     6  port.o(.emb_text)
    Reset_Handler                            0x080001e1   Thumb Code     8  startup_stm32f103xe.o(.text)
    ADC1_2_IRQHandler                        0x080001fb   Thumb Code     0  startup_stm32f103xe.o(.text)
    ADC3_IRQHandler                          0x080001fb   Thumb Code     0  startup_stm32f103xe.o(.text)
    CAN1_RX1_IRQHandler                      0x080001fb   Thumb Code     0  startup_stm32f103xe.o(.text)
    CAN1_SCE_IRQHandler                      0x080001fb   Thumb Code     0  startup_stm32f103xe.o(.text)
    DMA1_Channel1_IRQHandler                 0x080001fb   Thumb Code     0  startup_stm32f103xe.o(.text)
    DMA1_Channel2_IRQHandler                 0x080001fb   Thumb Code     0  startup_stm32f103xe.o(.text)
    DMA1_Channel3_IRQHandler                 0x080001fb   Thumb Code     0  startup_stm32f103xe.o(.text)
    DMA1_Channel4_IRQHandler                 0x080001fb   Thumb Code     0  startup_stm32f103xe.o(.text)
    DMA1_Channel5_IRQHandler                 0x080001fb   Thumb Code     0  startup_stm32f103xe.o(.text)
    DMA1_Channel6_IRQHandler                 0x080001fb   Thumb Code     0  startup_stm32f103xe.o(.text)
    DMA1_Channel7_IRQHandler                 0x080001fb   Thumb Code     0  startup_stm32f103xe.o(.text)
    DMA2_Channel1_IRQHandler                 0x080001fb   Thumb Code     0  startup_stm32f103xe.o(.text)
    DMA2_Channel2_IRQHandler                 0x080001fb   Thumb Code     0  startup_stm32f103xe.o(.text)
    DMA2_Channel3_IRQHandler                 0x080001fb   Thumb Code     0  startup_stm32f103xe.o(.text)
    DMA2_Channel4_5_IRQHandler               0x080001fb   Thumb Code     0  startup_stm32f103xe.o(.text)
    EXTI0_IRQHandler                         0x080001fb   Thumb Code     0  startup_stm32f103xe.o(.text)
    EXTI1_IRQHandler                         0x080001fb   Thumb Code     0  startup_stm32f103xe.o(.text)
    EXTI2_IRQHandler                         0x080001fb   Thumb Code     0  startup_stm32f103xe.o(.text)
    EXTI3_IRQHandler                         0x080001fb   Thumb Code     0  startup_stm32f103xe.o(.text)
    EXTI4_IRQHandler                         0x080001fb   Thumb Code     0  startup_stm32f103xe.o(.text)
    EXTI9_5_IRQHandler                       0x080001fb   Thumb Code     0  startup_stm32f103xe.o(.text)
    FLASH_IRQHandler                         0x080001fb   Thumb Code     0  startup_stm32f103xe.o(.text)
    FSMC_IRQHandler                          0x080001fb   Thumb Code     0  startup_stm32f103xe.o(.text)
    I2C1_ER_IRQHandler                       0x080001fb   Thumb Code     0  startup_stm32f103xe.o(.text)
    I2C1_EV_IRQHandler                       0x080001fb   Thumb Code     0  startup_stm32f103xe.o(.text)
    I2C2_ER_IRQHandler                       0x080001fb   Thumb Code     0  startup_stm32f103xe.o(.text)
    I2C2_EV_IRQHandler                       0x080001fb   Thumb Code     0  startup_stm32f103xe.o(.text)
    PVD_IRQHandler                           0x080001fb   Thumb Code     0  startup_stm32f103xe.o(.text)
    RCC_IRQHandler                           0x080001fb   Thumb Code     0  startup_stm32f103xe.o(.text)
    RTC_Alarm_IRQHandler                     0x080001fb   Thumb Code     0  startup_stm32f103xe.o(.text)
    RTC_IRQHandler                           0x080001fb   Thumb Code     0  startup_stm32f103xe.o(.text)
    SDIO_IRQHandler                          0x080001fb   Thumb Code     0  startup_stm32f103xe.o(.text)
    SPI1_IRQHandler                          0x080001fb   Thumb Code     0  startup_stm32f103xe.o(.text)
    SPI2_IRQHandler                          0x080001fb   Thumb Code     0  startup_stm32f103xe.o(.text)
    SPI3_IRQHandler                          0x080001fb   Thumb Code     0  startup_stm32f103xe.o(.text)
    TAMPER_IRQHandler                        0x080001fb   Thumb Code     0  startup_stm32f103xe.o(.text)
    TIM1_BRK_IRQHandler                      0x080001fb   Thumb Code     0  startup_stm32f103xe.o(.text)
    TIM1_CC_IRQHandler                       0x080001fb   Thumb Code     0  startup_stm32f103xe.o(.text)
    TIM1_TRG_COM_IRQHandler                  0x080001fb   Thumb Code     0  startup_stm32f103xe.o(.text)
    TIM1_UP_IRQHandler                       0x080001fb   Thumb Code     0  startup_stm32f103xe.o(.text)
    TIM2_IRQHandler                          0x080001fb   Thumb Code     0  startup_stm32f103xe.o(.text)
    TIM3_IRQHandler                          0x080001fb   Thumb Code     0  startup_stm32f103xe.o(.text)
    TIM4_IRQHandler                          0x080001fb   Thumb Code     0  startup_stm32f103xe.o(.text)
    TIM5_IRQHandler                          0x080001fb   Thumb Code     0  startup_stm32f103xe.o(.text)
    TIM6_IRQHandler                          0x080001fb   Thumb Code     0  startup_stm32f103xe.o(.text)
    TIM7_IRQHandler                          0x080001fb   Thumb Code     0  startup_stm32f103xe.o(.text)
    TIM8_BRK_IRQHandler                      0x080001fb   Thumb Code     0  startup_stm32f103xe.o(.text)
    TIM8_CC_IRQHandler                       0x080001fb   Thumb Code     0  startup_stm32f103xe.o(.text)
    TIM8_TRG_COM_IRQHandler                  0x080001fb   Thumb Code     0  startup_stm32f103xe.o(.text)
    UART4_IRQHandler                         0x080001fb   Thumb Code     0  startup_stm32f103xe.o(.text)
    UART5_IRQHandler                         0x080001fb   Thumb Code     0  startup_stm32f103xe.o(.text)
    USART2_IRQHandler                        0x080001fb   Thumb Code     0  startup_stm32f103xe.o(.text)
    USBWakeUp_IRQHandler                     0x080001fb   Thumb Code     0  startup_stm32f103xe.o(.text)
    USB_HP_CAN1_TX_IRQHandler                0x080001fb   Thumb Code     0  startup_stm32f103xe.o(.text)
    USB_LP_CAN1_RX0_IRQHandler               0x080001fb   Thumb Code     0  startup_stm32f103xe.o(.text)
    WWDG_IRQHandler                          0x080001fb   Thumb Code     0  startup_stm32f103xe.o(.text)
    __aeabi_llsr                             0x08000205   Thumb Code    32  llushr.o(.text)
    _ll_ushift_r                             0x08000205   Thumb Code     0  llushr.o(.text)
    __aeabi_memcpy                           0x08000225   Thumb Code    36  memcpya.o(.text)
    __aeabi_memcpy4                          0x08000225   Thumb Code     0  memcpya.o(.text)
    __aeabi_memcpy8                          0x08000225   Thumb Code     0  memcpya.o(.text)
    __aeabi_memset                           0x08000249   Thumb Code    14  memseta.o(.text)
    __aeabi_memset4                          0x08000249   Thumb Code     0  memseta.o(.text)
    __aeabi_memset8                          0x08000249   Thumb Code     0  memseta.o(.text)
    __aeabi_memclr                           0x08000257   Thumb Code     4  memseta.o(.text)
    __aeabi_memclr4                          0x08000257   Thumb Code     0  memseta.o(.text)
    __aeabi_memclr8                          0x08000257   Thumb Code     0  memseta.o(.text)
    memset                                   0x0800025b   Thumb Code    18  memseta.o(.text)
    strcat                                   0x0800026d   Thumb Code    24  strcat.o(.text)
    strstr                                   0x08000285   Thumb Code    36  strstr.o(.text)
    strlen                                   0x080002a9   Thumb Code    14  strlen.o(.text)
    strcmp                                   0x080002b7   Thumb Code    28  strcmp.o(.text)
    strncat                                  0x080002d3   Thumb Code    40  strncat.o(.text)
    strcpy                                   0x080002fb   Thumb Code    18  strcpy.o(.text)
    atoi                                     0x0800030d   Thumb Code    26  atoi.o(.text)
    __aeabi_dadd                             0x08000327   Thumb Code   322  dadd.o(.text)
    __aeabi_dsub                             0x08000469   Thumb Code     6  dadd.o(.text)
    __aeabi_drsub                            0x0800046f   Thumb Code     6  dadd.o(.text)
    __aeabi_dmul                             0x08000475   Thumb Code   228  dmul.o(.text)
    __aeabi_cdrcmple                         0x08000559   Thumb Code    48  cdrcmple.o(.text)
    __aeabi_uidiv                            0x08000589   Thumb Code     0  uidiv.o(.text)
    __aeabi_uidivmod                         0x08000589   Thumb Code    44  uidiv.o(.text)
    __aeabi_uldivmod                         0x080005b5   Thumb Code    98  uldiv.o(.text)
    __aeabi_llsl                             0x08000617   Thumb Code    30  llshl.o(.text)
    _ll_shift_l                              0x08000617   Thumb Code     0  llshl.o(.text)
    __aeabi_lasr                             0x08000635   Thumb Code    36  llsshr.o(.text)
    _ll_sshift_r                             0x08000635   Thumb Code     0  llsshr.o(.text)
    strtol                                   0x08000659   Thumb Code   112  strtol.o(.text)
    __I$use$fp                               0x080006c9   Thumb Code     0  iusefp.o(.text)
    _double_round                            0x080006c9   Thumb Code    30  depilogue.o(.text)
    _double_epilogue                         0x080006e7   Thumb Code   156  depilogue.o(.text)
    __aeabi_ddiv                             0x08000783   Thumb Code   222  ddiv.o(.text)
    __aeabi_d2ulz                            0x08000861   Thumb Code    48  dfixul.o(.text)
    __scatterload                            0x08000891   Thumb Code    28  init.o(.text)
    __scatterload_rt2                        0x08000891   Thumb Code     0  init.o(.text)
    __rt_ctype_table                         0x080008b5   Thumb Code     4  ctype_o.o(.text)
    _strtoul                                 0x080008bd   Thumb Code   158  _strtoul.o(.text)
    _chval                                   0x0800095b   Thumb Code    28  _chval.o(.text)
    __decompress                             0x08000977   Thumb Code     0  __dczerorl2.o(.text)
    __decompress1                            0x08000977   Thumb Code    86  __dczerorl2.o(.text)
    ATCommandSend                            0x080009cd   Thumb Code   158  at_command.o(i.ATCommandSend)
    ATCommandSendSend                        0x08000a81   Thumb Code   148  at_command.o(i.ATCommandSendSend)
    ATDataRecv                               0x08000b41   Thumb Code   178  at_command.o(i.ATDataRecv)
    ATDataSend                               0x08000c01   Thumb Code   198  at_command.o(i.ATDataSend)
    ATDataSendandReceive                     0x08000cdd   Thumb Code   154  at_command.o(i.ATDataSendandReceive)
    ATInterfaceInit                          0x08000d81   Thumb Code    18  at_command.o(i.ATInterfaceInit)
    AddESP8266NetDevices                     0x08000d99   Thumb Code    10  esp8266.o(i.AddESP8266NetDevices)
    AddNetDevices                            0x08000da9   Thumb Code     8  net_system.o(i.AddNetDevices)
    BASE64_Decode                            0x08000db1   Thumb Code   360  base64.o(i.BASE64_Decode)
    BASE64_Encode                            0x08000f1d   Thumb Code   320  base64.o(i.BASE64_Encode)
    BusFault_Handler                         0x08001061   Thumb Code     4  stm32f1xx_it.o(i.BusFault_Handler)
    CAL_DHT11DeviceInit                      0x08001065   Thumb Code    10  cal_dht11_device.o(i.CAL_DHT11DeviceInit)
    CAL_DHT11Device_GetValue                 0x0800106f   Thumb Code    14  cal_dht11_device.o(i.CAL_DHT11Device_GetValue)
    DHT11_Init                               0x08001085   Thumb Code    82  driver_dht11.o(i.DHT11_Init)
    DHT11_Read                               0x080010e1   Thumb Code   176  driver_dht11.o(i.DHT11_Read)
    DebugMon_Handler                         0x08001301   Thumb Code     2  stm32f1xx_it.o(i.DebugMon_Handler)
    ESP8266CloseTransfer                     0x08001305   Thumb Code    12  esp8266.o(i.ESP8266CloseTransfer)
    ESP8266Connect                           0x0800131d   Thumb Code    34  esp8266.o(i.ESP8266Connect)
    ESP8266CreateTransfer                    0x08001355   Thumb Code    84  esp8266.o(i.ESP8266CreateTransfer)
    ESP8266GetInfo                           0x08001411   Thumb Code    82  esp8266.o(i.ESP8266GetInfo)
    ESP8266GetTime                           0x08001481   Thumb Code   174  esp8266.o(i.ESP8266GetTime)
    ESP8266Init                              0x0800157d   Thumb Code    26  esp8266.o(i.ESP8266Init)
    ESP8266Recv                              0x080015b1   Thumb Code    20  esp8266.o(i.ESP8266Recv)
    ESP8266Send                              0x080015c5   Thumb Code    20  esp8266.o(i.ESP8266Send)
    EXTI15_10_IRQHandler                     0x080015d9   Thumb Code    20  driver_key.o(i.EXTI15_10_IRQHandler)
    EnableUART3IRQ                           0x080015ed   Thumb Code    36  driver_usart.o(i.EnableUART3IRQ)
    Error_Handler                            0x08001615   Thumb Code     6  main.o(i.Error_Handler)
    GPIOKeyInit                              0x0800161b   Thumb Code    10  gpio_input.o(i.GPIOKeyInit)
    GetATInterfaceDevice                     0x08001625   Thumb Code     4  uart_device.o(i.GetATInterfaceDevice)
    GetDHT11Device                           0x0800162d   Thumb Code    14  dht11_device.o(i.GetDHT11Device)
    GetNetDevice                             0x08001641   Thumb Code    34  net_system.o(i.GetNetDevice)
    GetTime                                  0x08001669   Thumb Code     8  time.o(i.GetTime)
    GetUART3RingBuffer                       0x08001671   Thumb Code     4  uart_device.o(i.GetUART3RingBuffer)
    HAL_DMA_Abort                            0x08001685   Thumb Code    86  stm32f1xx_hal_dma.o(i.HAL_DMA_Abort)
    HAL_DMA_Abort_IT                         0x080016dd   Thumb Code   414  stm32f1xx_hal_dma.o(i.HAL_DMA_Abort_IT)
    HAL_Delay                                0x08001885   Thumb Code    36  stm32f1xx_hal.o(i.HAL_Delay)
    HAL_GPIO_DeInit                          0x080018ad   Thumb Code   308  stm32f1xx_hal_gpio.o(i.HAL_GPIO_DeInit)
    HAL_GPIO_EXTI_Callback                   0x08001a01   Thumb Code    52  driver_key.o(i.HAL_GPIO_EXTI_Callback)
    HAL_GPIO_EXTI_IRQHandler                 0x08001a35   Thumb Code    24  stm32f1xx_hal_gpio.o(i.HAL_GPIO_EXTI_IRQHandler)
    HAL_GPIO_Init                            0x08001a51   Thumb Code   792  stm32f1xx_hal_gpio.o(i.HAL_GPIO_Init)
    HAL_GPIO_ReadPin                         0x08001d91   Thumb Code    16  stm32f1xx_hal_gpio.o(i.HAL_GPIO_ReadPin)
    HAL_GPIO_WritePin                        0x08001da1   Thumb Code    12  stm32f1xx_hal_gpio.o(i.HAL_GPIO_WritePin)
    HAL_GetTick                              0x08001dad   Thumb Code     6  stm32f1xx_hal.o(i.HAL_GetTick)
    HAL_IncTick                              0x08001db9   Thumb Code    16  stm32f1xx_hal.o(i.HAL_IncTick)
    HAL_Init                                 0x08001dd1   Thumb Code    34  stm32f1xx_hal.o(i.HAL_Init)
    HAL_InitTick                             0x08001df9   Thumb Code   118  stm32f1xx_hal_timebase_tim.o(i.HAL_InitTick)
    HAL_MspInit                              0x08001e81   Thumb Code    86  stm32f1xx_hal_msp.o(i.HAL_MspInit)
    HAL_NVIC_EnableIRQ                       0x08001ee1   Thumb Code    32  stm32f1xx_hal_cortex.o(i.HAL_NVIC_EnableIRQ)
    HAL_NVIC_SetPriority                     0x08001f01   Thumb Code   124  stm32f1xx_hal_cortex.o(i.HAL_NVIC_SetPriority)
    HAL_NVIC_SetPriorityGrouping             0x08001f7d   Thumb Code    32  stm32f1xx_hal_cortex.o(i.HAL_NVIC_SetPriorityGrouping)
    HAL_RCC_ClockConfig                      0x08001fa5   Thumb Code   368  stm32f1xx_hal_rcc.o(i.HAL_RCC_ClockConfig)
    HAL_RCC_GetClockConfig                   0x08002125   Thumb Code    58  stm32f1xx_hal_rcc.o(i.HAL_RCC_GetClockConfig)
    HAL_RCC_GetHCLKFreq                      0x08002169   Thumb Code     6  stm32f1xx_hal_rcc.o(i.HAL_RCC_GetHCLKFreq)
    HAL_RCC_GetPCLK1Freq                     0x08002175   Thumb Code    22  stm32f1xx_hal_rcc.o(i.HAL_RCC_GetPCLK1Freq)
    HAL_RCC_GetPCLK2Freq                     0x08002195   Thumb Code    22  stm32f1xx_hal_rcc.o(i.HAL_RCC_GetPCLK2Freq)
    HAL_RCC_GetSysClockFreq                  0x080021b5   Thumb Code    92  stm32f1xx_hal_rcc.o(i.HAL_RCC_GetSysClockFreq)
    HAL_RCC_OscConfig                        0x08002225   Thumb Code  1114  stm32f1xx_hal_rcc.o(i.HAL_RCC_OscConfig)
    HAL_TIMEx_BreakCallback                  0x08002689   Thumb Code     2  stm32f1xx_hal_tim_ex.o(i.HAL_TIMEx_BreakCallback)
    HAL_TIMEx_CommutCallback                 0x0800268b   Thumb Code     2  stm32f1xx_hal_tim_ex.o(i.HAL_TIMEx_CommutCallback)
    HAL_TIMEx_MasterConfigSynchronization    0x0800268d   Thumb Code   134  stm32f1xx_hal_tim_ex.o(i.HAL_TIMEx_MasterConfigSynchronization)
    HAL_TIM_Base_Init                        0x08002729   Thumb Code   102  stm32f1xx_hal_tim.o(i.HAL_TIM_Base_Init)
    HAL_TIM_Base_MspInit                     0x0800278f   Thumb Code     2  stm32f1xx_hal_tim.o(i.HAL_TIM_Base_MspInit)
    HAL_TIM_Base_Start                       0x08002791   Thumb Code   110  stm32f1xx_hal_tim.o(i.HAL_TIM_Base_Start)
    HAL_TIM_Base_Start_IT                    0x08002815   Thumb Code   122  stm32f1xx_hal_tim.o(i.HAL_TIM_Base_Start_IT)
    HAL_TIM_Base_Stop                        0x080028a5   Thumb Code    50  stm32f1xx_hal_tim.o(i.HAL_TIM_Base_Stop)
    HAL_TIM_ConfigClockSource                0x080028d7   Thumb Code   268  stm32f1xx_hal_tim.o(i.HAL_TIM_ConfigClockSource)
    HAL_TIM_IC_CaptureCallback               0x080029e3   Thumb Code     2  stm32f1xx_hal_tim.o(i.HAL_TIM_IC_CaptureCallback)
    HAL_TIM_IRQHandler                       0x080029e5   Thumb Code   406  stm32f1xx_hal_tim.o(i.HAL_TIM_IRQHandler)
    HAL_TIM_OC_DelayElapsedCallback          0x08002b7b   Thumb Code     2  stm32f1xx_hal_tim.o(i.HAL_TIM_OC_DelayElapsedCallback)
    HAL_TIM_PWM_PulseFinishedCallback        0x08002b7d   Thumb Code     2  stm32f1xx_hal_tim.o(i.HAL_TIM_PWM_PulseFinishedCallback)
    HAL_TIM_PeriodElapsedCallback            0x08002b81   Thumb Code    30  main.o(i.HAL_TIM_PeriodElapsedCallback)
    HAL_TIM_TriggerCallback                  0x08002ba5   Thumb Code     2  stm32f1xx_hal_tim.o(i.HAL_TIM_TriggerCallback)
    HAL_UARTEx_RxEventCallback               0x08002ba7   Thumb Code     2  stm32f1xx_hal_uart.o(i.HAL_UARTEx_RxEventCallback)
    HAL_UART_ErrorCallback                   0x08002ba9   Thumb Code     2  stm32f1xx_hal_uart.o(i.HAL_UART_ErrorCallback)
    HAL_UART_IRQHandler                      0x08002bad   Thumb Code   736  stm32f1xx_hal_uart.o(i.HAL_UART_IRQHandler)
    HAL_UART_Init                            0x08002e91   Thumb Code   118  stm32f1xx_hal_uart.o(i.HAL_UART_Init)
    HAL_UART_MspInit                         0x08002f09   Thumb Code   266  usart.o(i.HAL_UART_MspInit)
    HAL_UART_RxCpltCallback                  0x0800302d   Thumb Code    16  driver_usart.o(i.HAL_UART_RxCpltCallback)
    HAL_UART_Transmit                        0x08003045   Thumb Code   178  stm32f1xx_hal_uart.o(i.HAL_UART_Transmit)
    HAL_UART_TxCpltCallback                  0x080030f9   Thumb Code    16  driver_usart.o(i.HAL_UART_TxCpltCallback)
    HardFault_Handler                        0x08003111   Thumb Code     4  stm32f1xx_it.o(i.HardFault_Handler)
    KAL_DHT11DeviceInit                      0x08003115   Thumb Code     8  kal_dht11_device.o(i.KAL_DHT11DeviceInit)
    KAL_DHT11Device_GetValue                 0x0800311d   Thumb Code    12  kal_dht11_device.o(i.KAL_DHT11Device_GetValue)
    KEY_GPIO_ReInit                          0x08003129   Thumb Code   122  driver_key.o(i.KEY_GPIO_ReInit)
    MQTT_DeleteBuffer                        0x080031b1   Thumb Code    28  mqttkit.o(i.MQTT_DeleteBuffer)
    MQTT_DumpLength                          0x080031cd   Thumb Code    46  mqttkit.o(i.MQTT_DumpLength)
    MQTT_NewBuffer                           0x080031fb   Thumb Code    88  mqttkit.o(i.MQTT_NewBuffer)
    MQTT_PacketConnect                       0x08003255   Thumb Code   666  mqttkit.o(i.MQTT_PacketConnect)
    MQTT_PacketPublish                       0x080034f5   Thumb Code   440  mqttkit.o(i.MQTT_PacketPublish)
    MQTT_PacketSaveData                      0x080036ad   Thumb Code    64  mqttkit.o(i.MQTT_PacketSaveData)
    MQTT_ReadLength                          0x080036f1   Thumb Code    70  mqttkit.o(i.MQTT_ReadLength)
    MQTT_UnPacketConnectAck                  0x08003737   Thumb Code    30  mqttkit.o(i.MQTT_UnPacketConnectAck)
    MQTT_UnPacketRecv                        0x08003755   Thumb Code   106  mqttkit.o(i.MQTT_UnPacketRecv)
    MX_FREERTOS_Init                         0x080037c9   Thumb Code    18  freertos.o(i.MX_FREERTOS_Init)
    MX_GPIO_Init                             0x080037e9   Thumb Code   272  gpio.o(i.MX_GPIO_Init)
    MX_USART1_UART_Init                      0x08003909   Thumb Code    46  usart.o(i.MX_USART1_UART_Init)
    MX_USART3_UART_Init                      0x08003941   Thumb Code    46  usart.o(i.MX_USART3_UART_Init)
    MemManage_Handler                        0x08003979   Thumb Code     4  stm32f1xx_it.o(i.MemManage_Handler)
    NMI_Handler                              0x0800397d   Thumb Code     4  stm32f1xx_it.o(i.NMI_Handler)
    NetDeviceRegister                        0x08003981   Thumb Code    12  net_system.o(i.NetDeviceRegister)
    OneNet_DevLink                           0x08003c45   Thumb Code   264  onenet.o(i.OneNet_DevLink)
    OneNet_FillBuf                           0x08003f05   Thumb Code    98  onenet.o(i.OneNet_FillBuf)
    OneNet_SendData                          0x08003fb1   Thumb Code   162  onenet.o(i.OneNet_SendData)
    ProcessGPIOKeyTimer                      0x080040e9   Thumb Code   112  gpio_input.o(i.ProcessGPIOKeyTimer)
    PutInputEvent                            0x08004161   Thumb Code    22  input_buffer.o(i.PutInputEvent)
    SetGPIOKeyTimer                          0x080041a5   Thumb Code     8  gpio_input.o(i.SetGPIOKeyTimer)
    StartDefaultTask                         0x080041b1   Thumb Code    16  freertos.o(i.StartDefaultTask)
    SysTick_Handler                          0x080041d9   Thumb Code    46  port.o(i.SysTick_Handler)
    SystemClock_Config                       0x0800420d   Thumb Code   102  main.o(i.SystemClock_Config)
    SystemInit                               0x08004273   Thumb Code     2  system_stm32f1xx.o(i.SystemInit)
    TIM8_UP_IRQHandler                       0x08004275   Thumb Code    10  stm32f1xx_it.o(i.TIM8_UP_IRQHandler)
    TIM_Base_SetConfig                       0x08004285   Thumb Code   134  stm32f1xx_hal_tim.o(i.TIM_Base_SetConfig)
    TIM_ETR_SetConfig                        0x08004321   Thumb Code    22  stm32f1xx_hal_tim.o(i.TIM_ETR_SetConfig)
    UART3ClearBuffer                         0x08004399   Thumb Code    14  uart_device.o(i.UART3ClearBuffer)
    UART3Init                                0x080043ad   Thumb Code    12  uart_device.o(i.UART3Init)
    UART3ReadByte                            0x080043bd   Thumb Code    14  uart_device.o(i.UART3ReadByte)
    UART3Write                               0x080043d1   Thumb Code    18  uart_device.o(i.UART3Write)
    USART1_IRQHandler                        0x08004771   Thumb Code    38  driver_usart.o(i.USART1_IRQHandler)
    USART3_IRQHandler                        0x080047a5   Thumb Code    68  driver_usart.o(i.USART3_IRQHandler)
    USART3_SendBytes                         0x080047f9   Thumb Code    38  driver_usart.o(i.USART3_SendBytes)
    UsageFault_Handler                       0x08004825   Thumb Code     4  stm32f1xx_it.o(i.UsageFault_Handler)
    __0printf                                0x08004829   Thumb Code    22  printfa.o(i.__0printf)
    __1printf                                0x08004829   Thumb Code     0  printfa.o(i.__0printf)
    __2printf                                0x08004829   Thumb Code     0  printfa.o(i.__0printf)
    __c89printf                              0x08004829   Thumb Code     0  printfa.o(i.__0printf)
    printf                                   0x08004829   Thumb Code     0  printfa.o(i.__0printf)
    __0snprintf                              0x08004849   Thumb Code    48  printfa.o(i.__0snprintf)
    __1snprintf                              0x08004849   Thumb Code     0  printfa.o(i.__0snprintf)
    __2snprintf                              0x08004849   Thumb Code     0  printfa.o(i.__0snprintf)
    __c89snprintf                            0x08004849   Thumb Code     0  printfa.o(i.__0snprintf)
    snprintf                                 0x08004849   Thumb Code     0  printfa.o(i.__0snprintf)
    __0sprintf                               0x0800487d   Thumb Code    34  printfa.o(i.__0sprintf)
    __1sprintf                               0x0800487d   Thumb Code     0  printfa.o(i.__0sprintf)
    __2sprintf                               0x0800487d   Thumb Code     0  printfa.o(i.__0sprintf)
    __c89sprintf                             0x0800487d   Thumb Code     0  printfa.o(i.__0sprintf)
    sprintf                                  0x0800487d   Thumb Code     0  printfa.o(i.__0sprintf)
    __aeabi_errno_addr                       0x080048dd   Thumb Code     4  errno.o(i.__aeabi_errno_addr)
    __rt_errno_addr                          0x080048dd   Thumb Code     0  errno.o(i.__aeabi_errno_addr)
    __scatterload_copy                       0x080048f7   Thumb Code    14  handlers.o(i.__scatterload_copy)
    __scatterload_null                       0x08004905   Thumb Code     2  handlers.o(i.__scatterload_null)
    __scatterload_zeroinit                   0x08004907   Thumb Code    14  handlers.o(i.__scatterload_zeroinit)
    fputc                                    0x080051c1   Thumb Code    22  driver_usart.o(i.fputc)
    free                                     0x080051dd   Thumb Code    76  malloc.o(i.free)
    ft                                       0x0800522d   Thumb Code    76  hmac_sha1.o(i.ft)
    hmac_sha1                                0x08005279   Thumb Code   302  hmac_sha1.o(i.hmac_sha1)
    isReturnERROR                            0x080053a9   Thumb Code    30  at_command.o(i.isReturnERROR)
    isReturnOK                               0x080053f1   Thumb Code    30  at_command.o(i.isReturnOK)
    k                                        0x08005419   Thumb Code    34  hmac_sha1.o(i.k)
    main                                     0x0800544d   Thumb Code    76  main.o(i.main)
    malloc                                   0x080054bd   Thumb Code    92  malloc.o(i.malloc)
    mqtt_test1                               0x08005529   Thumb Code   234  mqtt_test1.o(i.mqtt_test1)
    osDelay                                  0x08005751   Thumb Code    50  cmsis_os2.o(i.osDelay)
    osKernelInitialize                       0x08005789   Thumb Code    58  cmsis_os2.o(i.osKernelInitialize)
    osKernelStart                            0x080057c9   Thumb Code    64  cmsis_os2.o(i.osKernelStart)
    osThreadNew                              0x0800580d   Thumb Code   216  cmsis_os2.o(i.osThreadNew)
    pvPortMalloc                             0x080062b5   Thumb Code   296  heap_4.o(i.pvPortMalloc)
    pxPortInitialiseStack                    0x080063f1   Thumb Code    30  port.o(i.pxPortInitialiseStack)
    ring_buffer_init                         0x08006415   Thumb Code    12  ring_buffer.o(i.ring_buffer_init)
    ring_buffer_read                         0x08006421   Thumb Code    46  ring_buffer.o(i.ring_buffer_read)
    ring_buffer_write                        0x0800644f   Thumb Code    30  ring_buffer.o(i.ring_buffer_write)
    rotl                                     0x0800646d   Thumb Code    46  hmac_sha1.o(i.rotl)
    sha1                                     0x0800649d   Thumb Code   632  hmac_sha1.o(i.sha1)
    uxListRemove                             0x08006721   Thumb Code    40  list.o(i.uxListRemove)
    vApplicationGetIdleTaskMemory            0x08006749   Thumb Code    14  cmsis_os2.o(i.vApplicationGetIdleTaskMemory)
    vApplicationGetTimerTaskMemory           0x08006761   Thumb Code    16  cmsis_os2.o(i.vApplicationGetTimerTaskMemory)
    vListInitialise                          0x08006779   Thumb Code    26  list.o(i.vListInitialise)
    vListInitialiseItem                      0x08006793   Thumb Code     6  list.o(i.vListInitialiseItem)
    vListInsert                              0x08006799   Thumb Code    52  list.o(i.vListInsert)
    vListInsertEnd                           0x080067cd   Thumb Code    24  list.o(i.vListInsertEnd)
    vPortEnterCritical                       0x080067e5   Thumb Code    76  port.o(i.vPortEnterCritical)
    vPortExitCritical                        0x08006839   Thumb Code    56  port.o(i.vPortExitCritical)
    vPortFree                                0x08006875   Thumb Code   140  heap_4.o(i.vPortFree)
    vPortSetupTimerInterrupt                 0x08006909   Thumb Code    36  port.o(i.vPortSetupTimerInterrupt)
    vPortValidateInterruptPriority           0x08006931   Thumb Code   106  port.o(i.vPortValidateInterruptPriority)
    vQueueAddToRegistry                      0x080069a9   Thumb Code    38  queue.o(i.vQueueAddToRegistry)
    vQueueWaitForMessageRestricted           0x080069d5   Thumb Code    74  queue.o(i.vQueueWaitForMessageRestricted)
    vTaskDelay                               0x08006a21   Thumb Code    82  tasks.o(i.vTaskDelay)
    vTaskInternalSetTimeOutState             0x08006a7d   Thumb Code    14  tasks.o(i.vTaskInternalSetTimeOutState)
    vTaskMissedYield                         0x08006a95   Thumb Code     8  tasks.o(i.vTaskMissedYield)
    vTaskPlaceOnEventList                    0x08006aa1   Thumb Code    52  tasks.o(i.vTaskPlaceOnEventList)
    vTaskPlaceOnEventListRestricted          0x08006ad9   Thumb Code    60  tasks.o(i.vTaskPlaceOnEventListRestricted)
    vTaskStartScheduler                      0x08006b19   Thumb Code   156  tasks.o(i.vTaskStartScheduler)
    vTaskSuspendAll                          0x08006bd1   Thumb Code    12  tasks.o(i.vTaskSuspendAll)
    vTaskSwitchContext                       0x08006be1   Thumb Code   122  tasks.o(i.vTaskSwitchContext)
    xPortStartScheduler                      0x08006c71   Thumb Code   228  port.o(i.xPortStartScheduler)
    xQueueGenericCreateStatic                0x08006d69   Thumb Code   222  queue.o(i.xQueueGenericCreateStatic)
    xQueueGenericReset                       0x08006e49   Thumb Code   146  queue.o(i.xQueueGenericReset)
    xQueueGenericSend                        0x08006ee1   Thumb Code   420  queue.o(i.xQueueGenericSend)
    xQueueGenericSendFromISR                 0x08007089   Thumb Code   248  queue.o(i.xQueueGenericSendFromISR)
    xQueueReceive                            0x08007181   Thumb Code   356  queue.o(i.xQueueReceive)
    xTaskCheckForTimeOut                     0x080072e9   Thumb Code   132  tasks.o(i.xTaskCheckForTimeOut)
    xTaskCreate                              0x08007375   Thumb Code   100  tasks.o(i.xTaskCreate)
    xTaskCreateStatic                        0x080073d9   Thumb Code   184  tasks.o(i.xTaskCreateStatic)
    xTaskGetSchedulerState                   0x08007491   Thumb Code    24  tasks.o(i.xTaskGetSchedulerState)
    xTaskGetTickCount                        0x080074b1   Thumb Code     6  tasks.o(i.xTaskGetTickCount)
    xTaskIncrementTick                       0x080074bd   Thumb Code   280  tasks.o(i.xTaskIncrementTick)
    xTaskPriorityDisinherit                  0x08007601   Thumb Code   152  tasks.o(i.xTaskPriorityDisinherit)
    xTaskRemoveFromEventList                 0x080076a5   Thumb Code   126  tasks.o(i.xTaskRemoveFromEventList)
    xTaskResumeAll                           0x0800773d   Thumb Code   222  tasks.o(i.xTaskResumeAll)
    xTimerCreateTimerTask                    0x08007841   Thumb Code   100  timers.o(i.xTimerCreateTimerTask)
    xTimerGenericCommand                     0x080078b9   Thumb Code   128  timers.o(i.xTimerGenericCommand)
    defaultTask_attributes                   0x0800793c   Data          36  freertos.o(.constdata)
    AHBPrescTable                            0x08007972   Data          16  system_stm32f1xx.o(.constdata)
    APBPrescTable                            0x08007982   Data           8  system_stm32f1xx.o(.constdata)
    __ctype_table                            0x08007a92   Data         129  ctype_o.o(.constdata)
    Region$$Table$$Base                      0x08007b7c   Number         0  anon$$obj.o(Region$$Table)
    Region$$Table$$Limit                     0x08007b9c   Number         0  anon$$obj.o(Region$$Table)
    defaultTaskHandle                        0x20000000   Data           4  freertos.o(.data)
    uwTick                                   0x20000004   Data           4  stm32f1xx_hal.o(.data)
    uwTickPrio                               0x20000008   Data           4  stm32f1xx_hal.o(.data)
    uwTickFreq                               0x2000000c   Data           1  stm32f1xx_hal.o(.data)
    SystemCoreClock                          0x20000010   Data           4  system_stm32f1xx.o(.data)
    pxCurrentTCB                             0x20000020   Data           4  tasks.o(.data)
    g_tDHT11Devices                          0x200000bc   Data          16  dht11_device.o(.data)
    ESP8266NetDeice                          0x200000cc   Data          68  esp8266.o(.data)
    g_ptNetDevice                            0x20000110   Data           4  net_system.o(.data)
    uart                                     0x20000118   Data          20  uart_device.o(.data)
    __stdout                                 0x2000012c   Data           4  stdout.o(.data)
    __microlib_freelist                      0x20000130   Data           4  mvars.o(.data)
    __microlib_freelist_initialised          0x20000134   Data           4  mvars.o(.data)
    test_buffer                              0x2000013c   Data        1032  main.o(.bss)
    huart1                                   0x20000544   Data          72  usart.o(.bss)
    huart3                                   0x2000058c   Data          72  usart.o(.bss)
    htim8                                    0x200005d4   Data          72  stm32f1xx_hal_timebase_tim.o(.bss)
    xQueueRegistry                           0x20000664   Data          64  queue.o(.bss)
    uart3_buffer                             0x200028b4   Data        1032  uart_device.o(.bss)
    __heap_base                              0x20002cc0   Data           0  startup_stm32f103xe.o(HEAP)
    __heap_limit                             0x20002ec0   Data           0  startup_stm32f103xe.o(HEAP)
    __initial_sp                             0x200036c0   Data           0  startup_stm32f103xe.o(STACK)



==============================================================================

Memory Map of the image

  Image Entry point : 0x08000131

  Load Region LR_IROM1 (Base: 0x08000000, Size: 0x00007cd8, Max: 0x00080000, ABSOLUTE, COMPRESSED[0x00007bfc])

    Execution Region ER_IROM1 (Exec base: 0x08000000, Load base: 0x08000000, Size: 0x00007b9c, Max: 0x00080000, ABSOLUTE)

    Exec Addr    Load Addr    Size         Type   Attr      Idx    E Section Name        Object

    0x08000000   0x08000000   0x00000130   Data   RO            3    RESET               startup_stm32f103xe.o
    0x08000130   0x08000130   0x00000000   Code   RO         7028  * .ARM.Collect$$$$00000000  mc_w.l(entry.o)
    0x08000130   0x08000130   0x00000004   Code   RO         7393    .ARM.Collect$$$$00000001  mc_w.l(entry2.o)
    0x08000134   0x08000134   0x00000004   Code   RO         7396    .ARM.Collect$$$$00000004  mc_w.l(entry5.o)
    0x08000138   0x08000138   0x00000000   Code   RO         7398    .ARM.Collect$$$$00000008  mc_w.l(entry7b.o)
    0x08000138   0x08000138   0x00000000   Code   RO         7400    .ARM.Collect$$$$0000000A  mc_w.l(entry8b.o)
    0x08000138   0x08000138   0x00000008   Code   RO         7401    .ARM.Collect$$$$0000000B  mc_w.l(entry9a.o)
    0x08000140   0x08000140   0x00000004   Code   RO         7408    .ARM.Collect$$$$0000000E  mc_w.l(entry12b.o)
    0x08000144   0x08000144   0x00000000   Code   RO         7403    .ARM.Collect$$$$0000000F  mc_w.l(entry10a.o)
    0x08000144   0x08000144   0x00000000   Code   RO         7405    .ARM.Collect$$$$00000011  mc_w.l(entry11a.o)
    0x08000144   0x08000144   0x00000004   Code   RO         7394    .ARM.Collect$$$$00002712  mc_w.l(entry2.o)
    0x08000148   0x08000148   0x00000096   Code   RO         5050    .emb_text           port.o
    0x080001de   0x080001de   0x00000002   PAD
    0x080001e0   0x080001e0   0x00000024   Code   RO            4    .text               startup_stm32f103xe.o
    0x08000204   0x08000204   0x00000020   Code   RO         7031    .text               mc_w.l(llushr.o)
    0x08000224   0x08000224   0x00000024   Code   RO         7035    .text               mc_w.l(memcpya.o)
    0x08000248   0x08000248   0x00000024   Code   RO         7039    .text               mc_w.l(memseta.o)
    0x0800026c   0x0800026c   0x00000018   Code   RO         7041    .text               mc_w.l(strcat.o)
    0x08000284   0x08000284   0x00000024   Code   RO         7043    .text               mc_w.l(strstr.o)
    0x080002a8   0x080002a8   0x0000000e   Code   RO         7049    .text               mc_w.l(strlen.o)
    0x080002b6   0x080002b6   0x0000001c   Code   RO         7051    .text               mc_w.l(strcmp.o)
    0x080002d2   0x080002d2   0x00000028   Code   RO         7053    .text               mc_w.l(strncat.o)
    0x080002fa   0x080002fa   0x00000012   Code   RO         7055    .text               mc_w.l(strcpy.o)
    0x0800030c   0x0800030c   0x0000001a   Code   RO         7350    .text               mc_w.l(atoi.o)
    0x08000326   0x08000326   0x0000014e   Code   RO         7352    .text               mf_w.l(dadd.o)
    0x08000474   0x08000474   0x000000e4   Code   RO         7354    .text               mf_w.l(dmul.o)
    0x08000558   0x08000558   0x00000030   Code   RO         7364    .text               mf_w.l(cdrcmple.o)
    0x08000588   0x08000588   0x0000002c   Code   RO         7410    .text               mc_w.l(uidiv.o)
    0x080005b4   0x080005b4   0x00000062   Code   RO         7412    .text               mc_w.l(uldiv.o)
    0x08000616   0x08000616   0x0000001e   Code   RO         7414    .text               mc_w.l(llshl.o)
    0x08000634   0x08000634   0x00000024   Code   RO         7416    .text               mc_w.l(llsshr.o)
    0x08000658   0x08000658   0x00000070   Code   RO         7427    .text               mc_w.l(strtol.o)
    0x080006c8   0x080006c8   0x00000000   Code   RO         7429    .text               mc_w.l(iusefp.o)
    0x080006c8   0x080006c8   0x000000ba   Code   RO         7430    .text               mf_w.l(depilogue.o)
    0x08000782   0x08000782   0x000000de   Code   RO         7432    .text               mf_w.l(ddiv.o)
    0x08000860   0x08000860   0x00000030   Code   RO         7436    .text               mf_w.l(dfixul.o)
    0x08000890   0x08000890   0x00000024   Code   RO         7438    .text               mc_w.l(init.o)
    0x080008b4   0x080008b4   0x00000008   Code   RO         7440    .text               mc_w.l(ctype_o.o)
    0x080008bc   0x080008bc   0x0000009e   Code   RO         7468    .text               mc_w.l(_strtoul.o)
    0x0800095a   0x0800095a   0x0000001c   Code   RO         7472    .text               mc_w.l(_chval.o)
    0x08000976   0x08000976   0x00000056   Code   RO         7482    .text               mc_w.l(__dczerorl2.o)
    0x080009cc   0x080009cc   0x000000b4   Code   RO         5934    i.ATCommandSend     at_command.o
    0x08000a80   0x08000a80   0x000000c0   Code   RO         5936    i.ATCommandSendSend  at_command.o
    0x08000b40   0x08000b40   0x000000c0   Code   RO         5937    i.ATDataRecv        at_command.o
    0x08000c00   0x08000c00   0x000000dc   Code   RO         5938    i.ATDataSend        at_command.o
    0x08000cdc   0x08000cdc   0x000000a4   Code   RO         5939    i.ATDataSendandReceive  at_command.o
    0x08000d80   0x08000d80   0x00000018   Code   RO         5940    i.ATInterfaceInit   at_command.o
    0x08000d98   0x08000d98   0x00000010   Code   RO         5827    i.AddESP8266NetDevices  esp8266.o
    0x08000da8   0x08000da8   0x00000008   Code   RO         5900    i.AddNetDevices     net_system.o
    0x08000db0   0x08000db0   0x0000016c   Code   RO         6327    i.BASE64_Decode     base64.o
    0x08000f1c   0x08000f1c   0x00000144   Code   RO         6328    i.BASE64_Encode     base64.o
    0x08001060   0x08001060   0x00000004   Code   RO          322    i.BusFault_Handler  stm32f1xx_it.o
    0x08001064   0x08001064   0x0000000a   Code   RO         5343    i.CAL_DHT11DeviceInit  cal_dht11_device.o
    0x0800106e   0x0800106e   0x0000000e   Code   RO         5344    i.CAL_DHT11Device_GetValue  cal_dht11_device.o
    0x0800107c   0x0800107c   0x00000008   Code   RO         5569    i.DHT11Init         dht11_device.o
    0x08001084   0x08001084   0x0000005c   Code   RO         3408    i.DHT11_Init        driver_dht11.o
    0x080010e0   0x080010e0   0x000000b4   Code   RO         3409    i.DHT11_Read        driver_dht11.o
    0x08001194   0x08001194   0x00000058   Code   RO         3410    i.DHT11_RecvByte    driver_dht11.o
    0x080011ec   0x080011ec   0x0000001c   Code   RO         3411    i.DHT11_Start       driver_dht11.o
    0x08001208   0x08001208   0x00000090   Code   RO         3412    i.DHT11_TIM_Init    driver_dht11.o
    0x08001298   0x08001298   0x00000030   Code   RO         3413    i.DHT11_WaitForVal  driver_dht11.o
    0x080012c8   0x080012c8   0x00000038   Code   RO         3414    i.DHT11_usDelay     driver_dht11.o
    0x08001300   0x08001300   0x00000002   Code   RO          323    i.DebugMon_Handler  stm32f1xx_it.o
    0x08001302   0x08001302   0x00000002   PAD
    0x08001304   0x08001304   0x00000018   Code   RO         5828    i.ESP8266CloseTransfer  esp8266.o
    0x0800131c   0x0800131c   0x00000038   Code   RO         5829    i.ESP8266Connect    esp8266.o
    0x08001354   0x08001354   0x000000bc   Code   RO         5830    i.ESP8266CreateTransfer  esp8266.o
    0x08001410   0x08001410   0x00000070   Code   RO         5831    i.ESP8266GetInfo    esp8266.o
    0x08001480   0x08001480   0x000000fc   Code   RO         5832    i.ESP8266GetTime    esp8266.o
    0x0800157c   0x0800157c   0x00000034   Code   RO         5833    i.ESP8266Init       esp8266.o
    0x080015b0   0x080015b0   0x00000014   Code   RO         5834    i.ESP8266Recv       esp8266.o
    0x080015c4   0x080015c4   0x00000014   Code   RO         5835    i.ESP8266Send       esp8266.o
    0x080015d8   0x080015d8   0x00000014   Code   RO         3021    i.EXTI15_10_IRQHandler  driver_key.o
    0x080015ec   0x080015ec   0x00000028   Code   RO         2889    i.EnableUART3IRQ    driver_usart.o
    0x08001614   0x08001614   0x00000006   Code   RO           13    i.Error_Handler     main.o
    0x0800161a   0x0800161a   0x0000000a   Code   RO         5470    i.GPIOKeyInit       gpio_input.o
    0x08001624   0x08001624   0x00000008   Code   RO         6019    i.GetATInterfaceDevice  uart_device.o
    0x0800162c   0x0800162c   0x00000014   Code   RO         5570    i.GetDHT11Device    dht11_device.o
    0x08001640   0x08001640   0x00000028   Code   RO         5901    i.GetNetDevice      net_system.o
    0x08001668   0x08001668   0x00000008   Code   RO         6296    i.GetTime           time.o
    0x08001670   0x08001670   0x00000008   Code   RO         6020    i.GetUART3RingBuffer  uart_device.o
    0x08001678   0x08001678   0x0000000c   Code   RO         5571    i.GetValue          dht11_device.o
    0x08001684   0x08001684   0x00000056   Code   RO          871    i.HAL_DMA_Abort     stm32f1xx_hal_dma.o
    0x080016da   0x080016da   0x00000002   PAD
    0x080016dc   0x080016dc   0x000001a8   Code   RO          872    i.HAL_DMA_Abort_IT  stm32f1xx_hal_dma.o
    0x08001884   0x08001884   0x00000028   Code   RO          492    i.HAL_Delay         stm32f1xx_hal.o
    0x080018ac   0x080018ac   0x00000154   Code   RO          804    i.HAL_GPIO_DeInit   stm32f1xx_hal_gpio.o
    0x08001a00   0x08001a00   0x00000034   Code   RO         3022    i.HAL_GPIO_EXTI_Callback  driver_key.o
    0x08001a34   0x08001a34   0x0000001c   Code   RO          806    i.HAL_GPIO_EXTI_IRQHandler  stm32f1xx_hal_gpio.o
    0x08001a50   0x08001a50   0x00000340   Code   RO          807    i.HAL_GPIO_Init     stm32f1xx_hal_gpio.o
    0x08001d90   0x08001d90   0x00000010   Code   RO          809    i.HAL_GPIO_ReadPin  stm32f1xx_hal_gpio.o
    0x08001da0   0x08001da0   0x0000000c   Code   RO          811    i.HAL_GPIO_WritePin  stm32f1xx_hal_gpio.o
    0x08001dac   0x08001dac   0x0000000c   Code   RO          496    i.HAL_GetTick       stm32f1xx_hal.o
    0x08001db8   0x08001db8   0x00000018   Code   RO          502    i.HAL_IncTick       stm32f1xx_hal.o
    0x08001dd0   0x08001dd0   0x00000028   Code   RO          503    i.HAL_Init          stm32f1xx_hal.o
    0x08001df8   0x08001df8   0x00000088   Code   RO          410    i.HAL_InitTick      stm32f1xx_hal_timebase_tim.o
    0x08001e80   0x08001e80   0x00000060   Code   RO          386    i.HAL_MspInit       stm32f1xx_hal_msp.o
    0x08001ee0   0x08001ee0   0x00000020   Code   RO          967    i.HAL_NVIC_EnableIRQ  stm32f1xx_hal_cortex.o
    0x08001f00   0x08001f00   0x0000007c   Code   RO          973    i.HAL_NVIC_SetPriority  stm32f1xx_hal_cortex.o
    0x08001f7c   0x08001f7c   0x00000028   Code   RO          974    i.HAL_NVIC_SetPriorityGrouping  stm32f1xx_hal_cortex.o
    0x08001fa4   0x08001fa4   0x00000180   Code   RO          660    i.HAL_RCC_ClockConfig  stm32f1xx_hal_rcc.o
    0x08002124   0x08002124   0x00000044   Code   RO          664    i.HAL_RCC_GetClockConfig  stm32f1xx_hal_rcc.o
    0x08002168   0x08002168   0x0000000c   Code   RO          665    i.HAL_RCC_GetHCLKFreq  stm32f1xx_hal_rcc.o
    0x08002174   0x08002174   0x00000020   Code   RO          667    i.HAL_RCC_GetPCLK1Freq  stm32f1xx_hal_rcc.o
    0x08002194   0x08002194   0x00000020   Code   RO          668    i.HAL_RCC_GetPCLK2Freq  stm32f1xx_hal_rcc.o
    0x080021b4   0x080021b4   0x00000070   Code   RO          669    i.HAL_RCC_GetSysClockFreq  stm32f1xx_hal_rcc.o
    0x08002224   0x08002224   0x00000464   Code   RO          672    i.HAL_RCC_OscConfig  stm32f1xx_hal_rcc.o
    0x08002688   0x08002688   0x00000002   Code   RO         2210    i.HAL_TIMEx_BreakCallback  stm32f1xx_hal_tim_ex.o
    0x0800268a   0x0800268a   0x00000002   Code   RO         2211    i.HAL_TIMEx_CommutCallback  stm32f1xx_hal_tim_ex.o
    0x0800268c   0x0800268c   0x0000009c   Code   RO         2229    i.HAL_TIMEx_MasterConfigSynchronization  stm32f1xx_hal_tim_ex.o
    0x08002728   0x08002728   0x00000066   Code   RO         1495    i.HAL_TIM_Base_Init  stm32f1xx_hal_tim.o
    0x0800278e   0x0800278e   0x00000002   Code   RO         1497    i.HAL_TIM_Base_MspInit  stm32f1xx_hal_tim.o
    0x08002790   0x08002790   0x00000084   Code   RO         1498    i.HAL_TIM_Base_Start  stm32f1xx_hal_tim.o
    0x08002814   0x08002814   0x00000090   Code   RO         1500    i.HAL_TIM_Base_Start_IT  stm32f1xx_hal_tim.o
    0x080028a4   0x080028a4   0x00000032   Code   RO         1501    i.HAL_TIM_Base_Stop  stm32f1xx_hal_tim.o
    0x080028d6   0x080028d6   0x0000010c   Code   RO         1504    i.HAL_TIM_ConfigClockSource  stm32f1xx_hal_tim.o
    0x080029e2   0x080029e2   0x00000002   Code   RO         1529    i.HAL_TIM_IC_CaptureCallback  stm32f1xx_hal_tim.o
    0x080029e4   0x080029e4   0x00000196   Code   RO         1543    i.HAL_TIM_IRQHandler  stm32f1xx_hal_tim.o
    0x08002b7a   0x08002b7a   0x00000002   Code   RO         1546    i.HAL_TIM_OC_DelayElapsedCallback  stm32f1xx_hal_tim.o
    0x08002b7c   0x08002b7c   0x00000002   Code   RO         1573    i.HAL_TIM_PWM_PulseFinishedCallback  stm32f1xx_hal_tim.o
    0x08002b7e   0x08002b7e   0x00000002   PAD
    0x08002b80   0x08002b80   0x00000024   Code   RO           14    i.HAL_TIM_PeriodElapsedCallback  main.o
    0x08002ba4   0x08002ba4   0x00000002   Code   RO         1586    i.HAL_TIM_TriggerCallback  stm32f1xx_hal_tim.o
    0x08002ba6   0x08002ba6   0x00000002   Code   RO         2489    i.HAL_UARTEx_RxEventCallback  stm32f1xx_hal_uart.o
    0x08002ba8   0x08002ba8   0x00000002   Code   RO         2503    i.HAL_UART_ErrorCallback  stm32f1xx_hal_uart.o
    0x08002baa   0x08002baa   0x00000002   PAD
    0x08002bac   0x08002bac   0x000002e4   Code   RO         2506    i.HAL_UART_IRQHandler  stm32f1xx_hal_uart.o
    0x08002e90   0x08002e90   0x00000076   Code   RO         2507    i.HAL_UART_Init     stm32f1xx_hal_uart.o
    0x08002f06   0x08002f06   0x00000002   PAD
    0x08002f08   0x08002f08   0x00000124   Code   RO          275    i.HAL_UART_MspInit  usart.o
    0x0800302c   0x0800302c   0x00000018   Code   RO         2890    i.HAL_UART_RxCpltCallback  driver_usart.o
    0x08003044   0x08003044   0x000000b2   Code   RO         2515    i.HAL_UART_Transmit  stm32f1xx_hal_uart.o
    0x080030f6   0x080030f6   0x00000002   PAD
    0x080030f8   0x080030f8   0x00000018   Code   RO         2891    i.HAL_UART_TxCpltCallback  driver_usart.o
    0x08003110   0x08003110   0x00000004   Code   RO          324    i.HardFault_Handler  stm32f1xx_it.o
    0x08003114   0x08003114   0x00000008   Code   RO         5223    i.KAL_DHT11DeviceInit  kal_dht11_device.o
    0x0800311c   0x0800311c   0x0000000c   Code   RO         5224    i.KAL_DHT11Device_GetValue  kal_dht11_device.o
    0x08003128   0x08003128   0x00000088   Code   RO         3025    i.KEY_GPIO_ReInit   driver_key.o
    0x080031b0   0x080031b0   0x0000001c   Code   RO         6474    i.MQTT_DeleteBuffer  mqttkit.o
    0x080031cc   0x080031cc   0x0000002e   Code   RO         6475    i.MQTT_DumpLength   mqttkit.o
    0x080031fa   0x080031fa   0x00000058   Code   RO         6476    i.MQTT_NewBuffer    mqttkit.o
    0x08003252   0x08003252   0x00000002   PAD
    0x08003254   0x08003254   0x000002a0   Code   RO         6478    i.MQTT_PacketConnect  mqttkit.o
    0x080034f4   0x080034f4   0x000001b8   Code   RO         6481    i.MQTT_PacketPublish  mqttkit.o
    0x080036ac   0x080036ac   0x00000044   Code   RO         6487    i.MQTT_PacketSaveData  mqttkit.o
    0x080036f0   0x080036f0   0x00000046   Code   RO         6490    i.MQTT_ReadLength   mqttkit.o
    0x08003736   0x08003736   0x0000001e   Code   RO         6492    i.MQTT_UnPacketConnectAck  mqttkit.o
    0x08003754   0x08003754   0x00000074   Code   RO         6498    i.MQTT_UnPacketRecv  mqttkit.o
    0x080037c8   0x080037c8   0x00000020   Code   RO          231    i.MX_FREERTOS_Init  freertos.o
    0x080037e8   0x080037e8   0x00000120   Code   RO          203    i.MX_GPIO_Init      gpio.o
    0x08003908   0x08003908   0x00000038   Code   RO          276    i.MX_USART1_UART_Init  usart.o
    0x08003940   0x08003940   0x00000038   Code   RO          277    i.MX_USART3_UART_Init  usart.o
    0x08003978   0x08003978   0x00000004   Code   RO          325    i.MemManage_Handler  stm32f1xx_it.o
    0x0800397c   0x0800397c   0x00000004   Code   RO          326    i.NMI_Handler       stm32f1xx_it.o
    0x08003980   0x08003980   0x00000010   Code   RO         5902    i.NetDeviceRegister  net_system.o
    0x08003990   0x08003990   0x00000118   Code   RO         6414    i.OTA_UrlEncode     onenet.o
    0x08003aa8   0x08003aa8   0x0000019c   Code   RO         6415    i.OneNET_Authorization  onenet.o
    0x08003c44   0x08003c44   0x000002c0   Code   RO         6417    i.OneNet_DevLink    onenet.o
    0x08003f04   0x08003f04   0x000000ac   Code   RO         6418    i.OneNet_FillBuf    onenet.o
    0x08003fb0   0x08003fb0   0x00000138   Code   RO         6419    i.OneNet_SendData   onenet.o
    0x080040e8   0x080040e8   0x00000078   Code   RO         5472    i.ProcessGPIOKeyTimer  gpio_input.o
    0x08004160   0x08004160   0x0000001c   Code   RO         5372    i.PutInputEvent     input_buffer.o
    0x0800417c   0x0800417c   0x00000028   Code   RO          673    i.RCC_Delay         stm32f1xx_hal_rcc.o
    0x080041a4   0x080041a4   0x0000000c   Code   RO         5473    i.SetGPIOKeyTimer   gpio_input.o
    0x080041b0   0x080041b0   0x00000028   Code   RO          232    i.StartDefaultTask  freertos.o
    0x080041d8   0x080041d8   0x00000034   Code   RO         5051    i.SysTick_Handler   port.o
    0x0800420c   0x0800420c   0x00000066   Code   RO           15    i.SystemClock_Config  main.o
    0x08004272   0x08004272   0x00000002   Code   RO         2851    i.SystemInit        system_stm32f1xx.o
    0x08004274   0x08004274   0x00000010   Code   RO          327    i.TIM8_UP_IRQHandler  stm32f1xx_it.o
    0x08004284   0x08004284   0x0000009c   Code   RO         1588    i.TIM_Base_SetConfig  stm32f1xx_hal_tim.o
    0x08004320   0x08004320   0x00000016   Code   RO         1599    i.TIM_ETR_SetConfig  stm32f1xx_hal_tim.o
    0x08004336   0x08004336   0x00000012   Code   RO         1600    i.TIM_ITRx_SetConfig  stm32f1xx_hal_tim.o
    0x08004348   0x08004348   0x00000026   Code   RO         1606    i.TIM_TI1_ConfigInputStage  stm32f1xx_hal_tim.o
    0x0800436e   0x0800436e   0x00000028   Code   RO         1608    i.TIM_TI2_ConfigInputStage  stm32f1xx_hal_tim.o
    0x08004396   0x08004396   0x00000002   PAD
    0x08004398   0x08004398   0x00000014   Code   RO         6021    i.UART3ClearBuffer  uart_device.o
    0x080043ac   0x080043ac   0x00000010   Code   RO         6022    i.UART3Init         uart_device.o
    0x080043bc   0x080043bc   0x00000014   Code   RO         6023    i.UART3ReadByte     uart_device.o
    0x080043d0   0x080043d0   0x00000012   Code   RO         6024    i.UART3Write        uart_device.o
    0x080043e2   0x080043e2   0x00000014   Code   RO         2520    i.UART_DMAAbortOnError  stm32f1xx_hal_uart.o
    0x080043f6   0x080043f6   0x0000006c   Code   RO         2530    i.UART_EndRxTransfer  stm32f1xx_hal_uart.o
    0x08004462   0x08004462   0x00000020   Code   RO         2531    i.UART_EndTransmit_IT  stm32f1xx_hal_uart.o
    0x08004482   0x08004482   0x000000fc   Code   RO         2533    i.UART_Receive_IT   stm32f1xx_hal_uart.o
    0x0800457e   0x0800457e   0x00000002   PAD
    0x08004580   0x08004580   0x000000fc   Code   RO         2534    i.UART_SetConfig    stm32f1xx_hal_uart.o
    0x0800467c   0x0800467c   0x00000060   Code   RO         2537    i.UART_Transmit_IT  stm32f1xx_hal_uart.o
    0x080046dc   0x080046dc   0x00000092   Code   RO         2538    i.UART_WaitOnFlagUntilTimeout  stm32f1xx_hal_uart.o
    0x0800476e   0x0800476e   0x00000002   PAD
    0x08004770   0x08004770   0x00000034   Code   RO         2893    i.USART1_IRQHandler  driver_usart.o
    0x080047a4   0x080047a4   0x00000054   Code   RO         2894    i.USART3_IRQHandler  driver_usart.o
    0x080047f8   0x080047f8   0x0000002c   Code   RO         2895    i.USART3_SendBytes  driver_usart.o
    0x08004824   0x08004824   0x00000004   Code   RO          328    i.UsageFault_Handler  stm32f1xx_it.o
    0x08004828   0x08004828   0x00000020   Code   RO         7294    i.__0printf         mc_w.l(printfa.o)
    0x08004848   0x08004848   0x00000034   Code   RO         7295    i.__0snprintf       mc_w.l(printfa.o)
    0x0800487c   0x0800487c   0x00000028   Code   RO         7296    i.__0sprintf        mc_w.l(printfa.o)
    0x080048a4   0x080048a4   0x00000010   Code   RO          980    i.__NVIC_GetPriorityGrouping  stm32f1xx_hal_cortex.o
    0x080048b4   0x080048b4   0x00000028   Code   RO          981    i.__NVIC_SetPriority  stm32f1xx_hal_cortex.o
    0x080048dc   0x080048dc   0x00000008   Code   RO         7420    i.__aeabi_errno_addr  mc_w.l(errno.o)
    0x080048e4   0x080048e4   0x00000006   Code   RO         4565    i.__get_BASEPRI     cmsis_os2.o
    0x080048ea   0x080048ea   0x00000006   Code   RO         4566    i.__get_IPSR        cmsis_os2.o
    0x080048f0   0x080048f0   0x00000006   Code   RO         4567    i.__get_PRIMASK     cmsis_os2.o
    0x080048f6   0x080048f6   0x0000000e   Code   RO         7476    i.__scatterload_copy  mc_w.l(handlers.o)
    0x08004904   0x08004904   0x00000002   Code   RO         7477    i.__scatterload_null  mc_w.l(handlers.o)
    0x08004906   0x08004906   0x0000000e   Code   RO         7478    i.__scatterload_zeroinit  mc_w.l(handlers.o)
    0x08004914   0x08004914   0x00000184   Code   RO         7301    i._fp_digits        mc_w.l(printfa.o)
    0x08004a98   0x08004a98   0x000006b4   Code   RO         7302    i._printf_core      mc_w.l(printfa.o)
    0x0800514c   0x0800514c   0x00000024   Code   RO         7303    i._printf_post_padding  mc_w.l(printfa.o)
    0x08005170   0x08005170   0x0000002e   Code   RO         7304    i._printf_pre_padding  mc_w.l(printfa.o)
    0x0800519e   0x0800519e   0x00000016   Code   RO         7305    i._snputc           mc_w.l(printfa.o)
    0x080051b4   0x080051b4   0x0000000a   Code   RO         7306    i._sputc            mc_w.l(printfa.o)
    0x080051be   0x080051be   0x00000002   PAD
    0x080051c0   0x080051c0   0x0000001c   Code   RO         2897    i.fputc             driver_usart.o
    0x080051dc   0x080051dc   0x00000050   Code   RO         7322    i.free              mc_w.l(malloc.o)
    0x0800522c   0x0800522c   0x0000004c   Code   RO         6353    i.ft                hmac_sha1.o
    0x08005278   0x08005278   0x0000012e   Code   RO         6354    i.hmac_sha1         hmac_sha1.o
    0x080053a6   0x080053a6   0x00000002   PAD
    0x080053a8   0x080053a8   0x00000028   Code   RO         5941    i.isReturnERROR     at_command.o
    0x080053d0   0x080053d0   0x00000020   Code   RO         5942    i.isReturnLarge     at_command.o
    0x080053f0   0x080053f0   0x00000028   Code   RO         5943    i.isReturnOK        at_command.o
    0x08005418   0x08005418   0x00000034   Code   RO         6355    i.k                 hmac_sha1.o
    0x0800544c   0x0800544c   0x00000070   Code   RO           16    i.main              main.o
    0x080054bc   0x080054bc   0x0000006c   Code   RO         7323    i.malloc            mc_w.l(malloc.o)
    0x08005528   0x08005528   0x00000228   Code   RO         6269    i.mqtt_test1        mqtt_test1.o
    0x08005750   0x08005750   0x00000038   Code   RO         4568    i.osDelay           cmsis_os2.o
    0x08005788   0x08005788   0x00000040   Code   RO         4582    i.osKernelInitialize  cmsis_os2.o
    0x080057c8   0x080057c8   0x00000044   Code   RO         4585    i.osKernelStart     cmsis_os2.o
    0x0800580c   0x0800580c   0x000000dc   Code   RO         4619    i.osThreadNew       cmsis_os2.o
    0x080058e8   0x080058e8   0x0000007c   Code   RO         4040    i.prvAddCurrentTaskToDelayedList  tasks.o
    0x08005964   0x08005964   0x000000b8   Code   RO         4041    i.prvAddNewTaskToReadyList  tasks.o
    0x08005a1c   0x08005a1c   0x00000074   Code   RO         4401    i.prvCheckForValidListAndQueue  timers.o
    0x08005a90   0x08005a90   0x00000048   Code   RO         4042    i.prvCheckTasksWaitingTermination  tasks.o
    0x08005ad8   0x08005ad8   0x0000002a   Code   RO         3636    i.prvCopyDataFromQueue  queue.o
    0x08005b02   0x08005b02   0x0000007c   Code   RO         3637    i.prvCopyDataToQueue  queue.o
    0x08005b7e   0x08005b7e   0x00000050   Code   RO         4043    i.prvDeleteTCB      tasks.o
    0x08005bce   0x08005bce   0x00000002   PAD
    0x08005bd0   0x08005bd0   0x00000028   Code   RO         4402    i.prvGetNextExpireTime  timers.o
    0x08005bf8   0x08005bf8   0x0000007c   Code   RO         5001    i.prvHeapInit       heap_4.o
    0x08005c74   0x08005c74   0x00000028   Code   RO         4044    i.prvIdleTask       tasks.o
    0x08005c9c   0x08005c9c   0x0000002a   Code   RO         3640    i.prvInitialiseNewQueue  queue.o
    0x08005cc6   0x08005cc6   0x000000b4   Code   RO         4045    i.prvInitialiseNewTask  tasks.o
    0x08005d7a   0x08005d7a   0x00000002   PAD
    0x08005d7c   0x08005d7c   0x00000068   Code   RO         4046    i.prvInitialiseTaskLists  tasks.o
    0x08005de4   0x08005de4   0x00000068   Code   RO         5002    i.prvInsertBlockIntoFreeList  heap_4.o
    0x08005e4c   0x08005e4c   0x00000058   Code   RO         4404    i.prvInsertTimerInActiveList  timers.o
    0x08005ea4   0x08005ea4   0x0000001a   Code   RO         3641    i.prvIsQueueEmpty   queue.o
    0x08005ebe   0x08005ebe   0x0000001e   Code   RO         3642    i.prvIsQueueFull    queue.o
    0x08005edc   0x08005edc   0x00000064   Code   RO         4405    i.prvProcessExpiredTimer  timers.o
    0x08005f40   0x08005f40   0x00000128   Code   RO         4406    i.prvProcessReceivedCommands  timers.o
    0x08006068   0x08006068   0x00000074   Code   RO         4407    i.prvProcessTimerOrBlockTask  timers.o
    0x080060dc   0x080060dc   0x00000034   Code   RO         4048    i.prvResetNextTaskUnblockTime  tasks.o
    0x08006110   0x08006110   0x0000002c   Code   RO         4408    i.prvSampleTimeNow  timers.o
    0x0800613c   0x0800613c   0x000000a0   Code   RO         4409    i.prvSwitchTimerLists  timers.o
    0x080061dc   0x080061dc   0x00000040   Code   RO         5052    i.prvTaskExitError  port.o
    0x0800621c   0x0800621c   0x0000001a   Code   RO         4410    i.prvTimerTask      timers.o
    0x08006236   0x08006236   0x0000007e   Code   RO         3643    i.prvUnlockQueue    queue.o
    0x080062b4   0x080062b4   0x0000013c   Code   RO         5003    i.pvPortMalloc      heap_4.o
    0x080063f0   0x080063f0   0x00000024   Code   RO         5053    i.pxPortInitialiseStack  port.o
    0x08006414   0x08006414   0x0000000c   Code   RO         2985    i.ring_buffer_init  ring_buffer.o
    0x08006420   0x08006420   0x0000002e   Code   RO         2986    i.ring_buffer_read  ring_buffer.o
    0x0800644e   0x0800644e   0x0000001e   Code   RO         2987    i.ring_buffer_write  ring_buffer.o
    0x0800646c   0x0800646c   0x0000002e   Code   RO         6356    i.rotl              hmac_sha1.o
    0x0800649a   0x0800649a   0x00000002   PAD
    0x0800649c   0x0800649c   0x00000284   Code   RO         6358    i.sha1              hmac_sha1.o
    0x08006720   0x08006720   0x00000028   Code   RO         3596    i.uxListRemove      list.o
    0x08006748   0x08006748   0x00000018   Code   RO         4631    i.vApplicationGetIdleTaskMemory  cmsis_os2.o
    0x08006760   0x08006760   0x00000018   Code   RO         4632    i.vApplicationGetTimerTaskMemory  cmsis_os2.o
    0x08006778   0x08006778   0x0000001a   Code   RO         3597    i.vListInitialise   list.o
    0x08006792   0x08006792   0x00000006   Code   RO         3598    i.vListInitialiseItem  list.o
    0x08006798   0x08006798   0x00000034   Code   RO         3599    i.vListInsert       list.o
    0x080067cc   0x080067cc   0x00000018   Code   RO         3600    i.vListInsertEnd    list.o
    0x080067e4   0x080067e4   0x00000054   Code   RO         5055    i.vPortEnterCritical  port.o
    0x08006838   0x08006838   0x0000003c   Code   RO         5056    i.vPortExitCritical  port.o
    0x08006874   0x08006874   0x00000094   Code   RO         5004    i.vPortFree         heap_4.o
    0x08006908   0x08006908   0x00000028   Code   RO         5057    i.vPortSetupTimerInterrupt  port.o
    0x08006930   0x08006930   0x00000078   Code   RO         5058    i.vPortValidateInterruptPriority  port.o
    0x080069a8   0x080069a8   0x0000002c   Code   RO         3649    i.vQueueAddToRegistry  queue.o
    0x080069d4   0x080069d4   0x0000004a   Code   RO         3653    i.vQueueWaitForMessageRestricted  queue.o
    0x08006a1e   0x08006a1e   0x00000002   PAD
    0x08006a20   0x08006a20   0x0000005c   Code   RO         4060    i.vTaskDelay        tasks.o
    0x08006a7c   0x08006a7c   0x00000018   Code   RO         4065    i.vTaskInternalSetTimeOutState  tasks.o
    0x08006a94   0x08006a94   0x0000000c   Code   RO         4066    i.vTaskMissedYield  tasks.o
    0x08006aa0   0x08006aa0   0x00000038   Code   RO         4068    i.vTaskPlaceOnEventList  tasks.o
    0x08006ad8   0x08006ad8   0x00000040   Code   RO         4069    i.vTaskPlaceOnEventListRestricted  tasks.o
    0x08006b18   0x08006b18   0x000000b8   Code   RO         4077    i.vTaskStartScheduler  tasks.o
    0x08006bd0   0x08006bd0   0x00000010   Code   RO         4079    i.vTaskSuspendAll   tasks.o
    0x08006be0   0x08006be0   0x00000090   Code   RO         4080    i.vTaskSwitchContext  tasks.o
    0x08006c70   0x08006c70   0x000000f8   Code   RO         5059    i.xPortStartScheduler  port.o
    0x08006d68   0x08006d68   0x000000de   Code   RO         3659    i.xQueueGenericCreateStatic  queue.o
    0x08006e46   0x08006e46   0x00000002   PAD
    0x08006e48   0x08006e48   0x00000098   Code   RO         3660    i.xQueueGenericReset  queue.o
    0x08006ee0   0x08006ee0   0x000001a8   Code   RO         3661    i.xQueueGenericSend  queue.o
    0x08007088   0x08007088   0x000000f8   Code   RO         3662    i.xQueueGenericSendFromISR  queue.o
    0x08007180   0x08007180   0x00000168   Code   RO         3671    i.xQueueReceive     queue.o
    0x080072e8   0x080072e8   0x0000008c   Code   RO         4081    i.xTaskCheckForTimeOut  tasks.o
    0x08007374   0x08007374   0x00000064   Code   RO         4082    i.xTaskCreate       tasks.o
    0x080073d8   0x080073d8   0x000000b8   Code   RO         4083    i.xTaskCreateStatic  tasks.o
    0x08007490   0x08007490   0x00000020   Code   RO         4087    i.xTaskGetSchedulerState  tasks.o
    0x080074b0   0x080074b0   0x0000000c   Code   RO         4088    i.xTaskGetTickCount  tasks.o
    0x080074bc   0x080074bc   0x00000144   Code   RO         4090    i.xTaskIncrementTick  tasks.o
    0x08007600   0x08007600   0x000000a4   Code   RO         4093    i.xTaskPriorityDisinherit  tasks.o
    0x080076a4   0x080076a4   0x00000098   Code   RO         4095    i.xTaskRemoveFromEventList  tasks.o
    0x0800773c   0x0800773c   0x00000104   Code   RO         4096    i.xTaskResumeAll    tasks.o
    0x08007840   0x08007840   0x00000078   Code   RO         4417    i.xTimerCreateTimerTask  timers.o
    0x080078b8   0x080078b8   0x00000084   Code   RO         4418    i.xTimerGenericCommand  timers.o
    0x0800793c   0x0800793c   0x00000024   Data   RO          233    .constdata          freertos.o
    0x08007960   0x08007960   0x00000012   Data   RO          674    .constdata          stm32f1xx_hal_rcc.o
    0x08007972   0x08007972   0x00000018   Data   RO         2852    .constdata          system_stm32f1xx.o
    0x0800798a   0x0800798a   0x000000c0   Data   RO         6329    .constdata          base64.o
    0x08007a4a   0x08007a4a   0x00000002   PAD
    0x08007a4c   0x08007a4c   0x00000046   Data   RO         6501    .constdata          mqttkit.o
    0x08007a92   0x08007a92   0x00000081   Data   RO         7441    .constdata          mc_w.l(ctype_o.o)
    0x08007b13   0x08007b13   0x00000001   PAD
    0x08007b14   0x08007b14   0x00000004   Data   RO         7442    .constdata          mc_w.l(ctype_o.o)
    0x08007b18   0x08007b18   0x0000000c   Data   RO          234    .conststring        freertos.o
    0x08007b24   0x08007b24   0x00000008   Data   RO         5836    .conststring        esp8266.o
    0x08007b2c   0x08007b2c   0x00000006   Data   RO         6026    .conststring        uart_device.o
    0x08007b32   0x08007b32   0x00000002   PAD
    0x08007b34   0x08007b34   0x00000047   Data   RO         6421    .conststring        onenet.o
    0x08007b7b   0x08007b7b   0x00000001   PAD
    0x08007b7c   0x08007b7c   0x00000020   Data   RO         7474    Region$$Table       anon$$obj.o


    Execution Region RW_IRAM1 (Exec base: 0x20000000, Load base: 0x08007b9c, Size: 0x000036c0, Max: 0x00010000, ABSOLUTE, COMPRESSED[0x00000060])

    Exec Addr    Load Addr    Size         Type   Attr      Idx    E Section Name        Object

    0x20000000   COMPRESSED   0x00000004   Data   RW          235    .data               freertos.o
    0x20000004   COMPRESSED   0x00000009   Data   RW          510    .data               stm32f1xx_hal.o
    0x2000000d   COMPRESSED   0x00000003   PAD
    0x20000010   COMPRESSED   0x00000004   Data   RW         2853    .data               system_stm32f1xx.o
    0x20000014   COMPRESSED   0x0000000c   Data   RW         2898    .data               driver_usart.o
    0x20000020   COMPRESSED   0x0000003c   Data   RW         4099    .data               tasks.o
    0x2000005c   COMPRESSED   0x00000014   Data   RW         4426    .data               timers.o
    0x20000070   COMPRESSED   0x00000004   Data   RW         4634    .data               cmsis_os2.o
    0x20000074   COMPRESSED   0x00000018   Data   RW         5009    .data               heap_4.o
    0x2000008c   COMPRESSED   0x0000000c   Data   RW         5060    .data               port.o
    0x20000098   COMPRESSED   0x00000004   Data   RW         5373    .data               input_buffer.o
    0x2000009c   COMPRESSED   0x00000020   Data   RW         5474    .data               gpio_input.o
    0x200000bc   COMPRESSED   0x00000010   Data   RW         5572    .data               dht11_device.o
    0x200000cc   COMPRESSED   0x00000044   Data   RW         5837    .data               esp8266.o
    0x20000110   COMPRESSED   0x00000004   Data   RW         5903    .data               net_system.o
    0x20000114   COMPRESSED   0x00000004   Data   RW         5944    .data               at_command.o
    0x20000118   COMPRESSED   0x00000014   Data   RW         6027    .data               uart_device.o
    0x2000012c   COMPRESSED   0x00000004   Data   RW         7409    .data               mc_w.l(stdout.o)
    0x20000130   COMPRESSED   0x00000004   Data   RW         7418    .data               mc_w.l(mvars.o)
    0x20000134   COMPRESSED   0x00000004   Data   RW         7419    .data               mc_w.l(mvars.o)
    0x20000138   COMPRESSED   0x00000004   Data   RW         7423    .data               mc_w.l(errno.o)
    0x2000013c        -       0x00000408   Zero   RW           17    .bss                main.o
    0x20000544        -       0x00000090   Zero   RW          278    .bss                usart.o
    0x200005d4        -       0x00000048   Zero   RW          413    .bss                stm32f1xx_hal_timebase_tim.o
    0x2000061c        -       0x00000048   Zero   RW         3415    .bss                driver_dht11.o
    0x20000664        -       0x00000040   Zero   RW         3675    .bss                queue.o
    0x200006a4        -       0x000004c4   Zero   RW         4098    .bss                tasks.o
    0x20000b68        -       0x00000118   Zero   RW         4425    .bss                timers.o
    0x20000c80        -       0x000006b8   Zero   RW         4633    .bss                cmsis_os2.o
    0x20001338        -       0x0000157c   Zero   RW         5008    .bss                heap_4.o
    0x200028b4        -       0x00000408   Zero   RW         6025    .bss                uart_device.o
    0x20002cbc   COMPRESSED   0x00000004   PAD
    0x20002cc0        -       0x00000200   Zero   RW            2    HEAP                startup_stm32f103xe.o
    0x20002ec0        -       0x00000800   Zero   RW            1    STACK               startup_stm32f103xe.o


==============================================================================

Image component sizes


      Code (inc. data)   RO Data    RW Data    ZI Data      Debug   Object Name

      1084        142          0          4          0       7844   at_command.o
       688          8        192          0          0       3160   base64.o
        24          0          0          0          0       1161   cal_dht11_device.o
       474         38          0          4       1720      15418   cmsis_os2.o
        40          6          0         16          0       1927   dht11_device.o
       636         48          0          0         72       5094   driver_dht11.o
       208         14          0          0          0       5946   driver_key.o
       296         62          0         12          0       6180   driver_usart.o
       740        278          8         68          0       7345   esp8266.o
         0          0          0          0          0      20348   event_groups.o
        72         38         48          4          0       1889   freertos.o
       288         16          0          0          0       1091   gpio.o
       142         12          0         32          0       2502   gpio_input.o
       692         62          0         24       5500       4863   heap_4.o
      1120         30          0          0          0       4507   hmac_sha1.o
        28          6          0          4          0        832   input_buffer.o
        20          0          0          0          0       1745   kal_dht11_device.o
       148          0          0          0          0       3614   list.o
       256         42          0          0       1032     505478   main.o
       552        318          0          0          0        921   mqtt_test1.o
      1558         20         70          0          0      10651   mqttkit.o
        64         10          0          4          0       1963   net_system.o
      1880        832         71          0          0       6640   onenet.o
       854         78          0         12          0      11277   port.o
      1914         20          0          0         64      14748   queue.o
        88          0          0          0          0       2150   ring_buffer.o
        36          8        304          0       2560        836   startup_stm32f103xe.o
       116         24          0          9          0       6074   stm32f1xx_hal.o
       252         22          0          0          0      28866   stm32f1xx_hal_cortex.o
       510         10          0          0          0       1987   stm32f1xx_hal_dma.o
      1228         76          0          0          0       5068   stm32f1xx_hal_gpio.o
        96         10          0          0          0        958   stm32f1xx_hal_msp.o
      1804        104         18          0          0       6869   stm32f1xx_hal_rcc.o
      1386         66          0          0          0      11631   stm32f1xx_hal_tim.o
       160         22          0          0          0       2557   stm32f1xx_hal_tim_ex.o
       136         18          0          0         72       1555   stm32f1xx_hal_timebase_tim.o
      1946          8          0          0          0      10452   stm32f1xx_hal_uart.o
        38          6          0          0          0       3294   stm32f1xx_it.o
         0          0          0          0          0       8948   stream_buffer.o
         2          0         24          4          0       1215   system_stm32f1xx.o
      2796        346          0         60       1220      24498   tasks.o
         8          0          0          0          0        502   time.o
      1238        124          0         20        280      27159   timers.o
        90         24          6         20       1032       3940   uart_device.o
       404         46          0          0        144       2515   usart.o

    ----------------------------------------------------------------------
     26146       2994        778        300      13700     798218   Object Totals
         0          0         32          0          0          0   (incl. Generated)
        34          0          5          3          4          0   (incl. Padding)

    ----------------------------------------------------------------------

      Code (inc. data)   RO Data    RW Data    ZI Data      Debug   Library Member Name

        86          0          0          0          0          0   __dczerorl2.o
        28          0          0          0          0         68   _chval.o
       158          0          0          0          0         92   _strtoul.o
        26          0          0          0          0         80   atoi.o
         8          4        133          0          0         68   ctype_o.o
         0          0          0          0          0          0   entry.o
         0          0          0          0          0          0   entry10a.o
         0          0          0          0          0          0   entry11a.o
         4          0          0          0          0          0   entry12b.o
         8          4          0          0          0          0   entry2.o
         4          0          0          0          0          0   entry5.o
         0          0          0          0          0          0   entry7b.o
         0          0          0          0          0          0   entry8b.o
         8          4          0          0          0          0   entry9a.o
         8          4          0          4          0         68   errno.o
        30          0          0          0          0          0   handlers.o
        36          8          0          0          0         68   init.o
         0          0          0          0          0          0   iusefp.o
        30          0          0          0          0         68   llshl.o
        36          0          0          0          0         68   llsshr.o
        32          0          0          0          0         68   llushr.o
       188         20          0          0          0        160   malloc.o
        36          0          0          0          0         68   memcpya.o
        36          0          0          0          0        108   memseta.o
         0          0          0          8          0          0   mvars.o
      2342        100          0          0          0        772   printfa.o
         0          0          0          4          0          0   stdout.o
        24          0          0          0          0         68   strcat.o
        28          0          0          0          0         76   strcmp.o
        18          0          0          0          0         68   strcpy.o
        14          0          0          0          0         68   strlen.o
        40          0          0          0          0         76   strncat.o
        36          0          0          0          0         80   strstr.o
       112          0          0          0          0         88   strtol.o
        44          0          0          0          0         80   uidiv.o
        98          0          0          0          0         92   uldiv.o
        48          0          0          0          0         68   cdrcmple.o
       334          0          0          0          0        148   dadd.o
       222          0          0          0          0        100   ddiv.o
       186          0          0          0          0        176   depilogue.o
        48          0          0          0          0         68   dfixul.o
       228          0          0          0          0         96   dmul.o

    ----------------------------------------------------------------------
      4586        144        134         16          0       3108   Library Totals
         2          0          1          0          0          0   (incl. Padding)

    ----------------------------------------------------------------------

      Code (inc. data)   RO Data    RW Data    ZI Data      Debug   Library Name

      3518        144        133         16          0       2452   mc_w.l
      1066          0          0          0          0        656   mf_w.l

    ----------------------------------------------------------------------
      4586        144        134         16          0       3108   Library Totals

    ----------------------------------------------------------------------

==============================================================================


      Code (inc. data)   RO Data    RW Data    ZI Data      Debug   

     30732       3138        912        316      13700     787986   Grand Totals
     30732       3138        912         96      13700     787986   ELF Image Totals (compressed)
     30732       3138        912         96          0          0   ROM Totals

==============================================================================

    Total RO  Size (Code + RO Data)                31644 (  30.90kB)
    Total RW  Size (RW Data + ZI Data)             14016 (  13.69kB)
    Total ROM Size (Code + RO Data + RW Data)      31740 (  31.00kB)

==============================================================================

